Component: Arm Compiler for Embedded 6.23 Tool: armlink [5f102400]

==============================================================================

Section Cross References

    gd32f30x_it.o(.ARM.exidx.text.NMI_Handler) refers to gd32f30x_it.o(.text.NMI_Handler) for [Anonymous Symbol]
    gd32f30x_it.o(.ARM.exidx.text.HardFault_Handler) refers to gd32f30x_it.o(.text.HardFault_Handler) for [Anonymous Symbol]
    gd32f30x_it.o(.ARM.exidx.text.MemManage_Handler) refers to gd32f30x_it.o(.text.MemManage_Handler) for [Anonymous Symbol]
    gd32f30x_it.o(.ARM.exidx.text.BusFault_Handler) refers to gd32f30x_it.o(.text.BusFault_Handler) for [Anonymous Symbol]
    gd32f30x_it.o(.ARM.exidx.text.UsageFault_Handler) refers to gd32f30x_it.o(.text.UsageFault_Handler) for [Anonymous Symbol]
    gd32f30x_it.o(.ARM.exidx.text.SVC_Handler) refers to gd32f30x_it.o(.text.SVC_Handler) for [Anonymous Symbol]
    gd32f30x_it.o(.ARM.exidx.text.DebugMon_Handler) refers to gd32f30x_it.o(.text.DebugMon_Handler) for [Anonymous Symbol]
    gd32f30x_it.o(.ARM.exidx.text.PendSV_Handler) refers to gd32f30x_it.o(.text.PendSV_Handler) for [Anonymous Symbol]
    gd32f30x_it.o(.ARM.exidx.text.SysTick_Handler) refers to gd32f30x_it.o(.text.SysTick_Handler) for [Anonymous Symbol]
    main.o(.text.object_task) refers to platform.o(.bss.object) for object
    main.o(.text.object_task) refers to main.o(.text.TRIG_CH_task) for TRIG_CH_task
    main.o(.text.object_task) refers to main.o(.text.TRIG_EDGE_task) for TRIG_EDGE_task
    main.o(.text.object_task) refers to main.o(.text.TRIG_LEVEL_task) for TRIG_LEVEL_task
    main.o(.text.object_task) refers to main.o(.text.CH1_GEAR_task) for CH1_GEAR_task
    main.o(.text.object_task) refers to main.o(.text.CH1_OFFSET_task) for CH1_OFFSET_task
    main.o(.text.object_task) refers to main.o(.text.CH2_GEAR_task) for CH2_GEAR_task
    main.o(.text.object_task) refers to main.o(.text.CH2_OFFSET_task) for CH2_OFFSET_task
    main.o(.text.object_task) refers to main.o(.text.TIME_GEAR_task) for TIME_GEAR_task
    main.o(.text.object_task) refers to main.o(.text.TIME_OFFSET_task) for TIME_OFFSET_task
    main.o(.text.object_task) refers to main.o(.text.DAC_WAVE_task) for DAC_WAVE_task
    main.o(.text.object_task) refers to main.o(.text.DAC_FREQ_task) for DAC_FREQ_task
    main.o(.text.object_task) refers to main.o(.text.DAC_ATT_task) for DAC_ATT_task
    main.o(.text.object_task) refers to main.o(.text.CURSOR_X1_task) for CURSOR_X1_task
    main.o(.text.object_task) refers to main.o(.text.CURSOR_X2_task) for CURSOR_X2_task
    main.o(.text.object_task) refers to main.o(.text.CURSOR_Y1_task) for CURSOR_Y1_task
    main.o(.text.object_task) refers to main.o(.text.CURSOR_Y2_task) for CURSOR_Y2_task
    main.o(.text.object_task) refers to platform.o(.bss.key) for key
    main.o(.text.object_task) refers to platform.o(.bss.acdc) for acdc
    main.o(.text.object_task) refers to gd32f30x_gpio.o(.text.gpio_bit_set) for gpio_bit_set
    main.o(.text.object_task) refers to gd32f30x_gpio.o(.text.gpio_bit_reset) for gpio_bit_reset
    main.o(.text.object_task) refers to platform.o(.text.update_reg) for update_reg
    main.o(.text.object_task) refers to platform.o(.bss.ch) for ch
    main.o(.text.object_task) refers to platform.o(.data.ch1_on) for ch1_on
    main.o(.text.object_task) refers to platform.o(.data.ch2_on) for ch2_on
    main.o(.text.object_task) refers to platform.o(.bss.cursor_mode) for cursor_mode
    main.o(.text.object_task) refers to platform.o(.bss.trig_mode) for trig_mode
    main.o(.text.object_task) refers to platform.o(.data.stop) for stop
    main.o(.ARM.exidx.text.object_task) refers to main.o(.text.object_task) for [Anonymous Symbol]
    main.o(.text.main) refers to systick.o(.text.systick_config) for systick_config
    main.o(.text.main) refers to uart.o(.text.usart_init) for usart_init
    main.o(.text.main) refers to main.o(.rodata.str1.1) for .L.str
    main.o(.text.main) refers to printfa.o(i.__0printf) for printf
    main.o(.text.main) refers to spi.o(.text.bsp_spi_init) for bsp_spi_init
    main.o(.text.main) refers to timer.o(.text.timer2_init) for timer2_init
    main.o(.text.main) refers to iic.o(.text.I2C_Init) for I2C_Init
    main.o(.text.main) refers to platform.o(.text.ctrl_init) for ctrl_init
    main.o(.text.main) refers to platform.o(.text.update_reg) for update_reg
    main.o(.text.main) refers to platform.o(.text.update_ch_gear) for update_ch_gear
    main.o(.text.main) refers to main.o(.text.object_task) for object_task
    main.o(.ARM.exidx.text.main) refers to main.o(.text.main) for [Anonymous Symbol]
    main.o(.text.TRIG_CH_task) refers to platform.o(.bss.EC11_flag1) for EC11_flag1
    main.o(.text.TRIG_CH_task) refers to platform.o(.bss.object) for object
    main.o(.text.TRIG_CH_task) refers to platform.o(.text.update_reg) for update_reg
    main.o(.text.TRIG_CH_task) refers to platform.o(.bss.EC11_flag2) for EC11_flag2
[...]
    Removing gd32f30x_usart.o(.text.usart_synchronous_clock_config), (54 bytes).
    Removing gd32f30x_usart.o(.ARM.exidx.text.usart_synchronous_clock_config), (8 bytes).
    Removing gd32f30x_usart.o(.text.usart_guard_time_config), (36 bytes).
    Removing gd32f30x_usart.o(.ARM.exidx.text.usart_guard_time_config), (8 bytes).
    Removing gd32f30x_usart.o(.text.usart_smartcard_mode_enable), (18 bytes).
    Removing gd32f30x_usart.o(.ARM.exidx.text.usart_smartcard_mode_enable), (8 bytes).
    Removing gd32f30x_usart.o(.text.usart_smartcard_mode_disable), (18 bytes).
    Removing gd32f30x_usart.o(.ARM.exidx.text.usart_smartcard_mode_disable), (8 bytes).
    Removing gd32f30x_usart.o(.text.usart_smartcard_mode_nack_enable), (18 bytes).
    Removing gd32f30x_usart.o(.ARM.exidx.text.usart_smartcard_mode_nack_enable), (8 bytes).
    Removing gd32f30x_usart.o(.text.usart_smartcard_mode_nack_disable), (18 bytes).
    Removing gd32f30x_usart.o(.ARM.exidx.text.usart_smartcard_mode_nack_disable), (8 bytes).
    Removing gd32f30x_usart.o(.text.usart_smartcard_autoretry_config), (48 bytes).
    Removing gd32f30x_usart.o(.ARM.exidx.text.usart_smartcard_autoretry_config), (8 bytes).
    Removing gd32f30x_usart.o(.text.usart_block_length_config), (44 bytes).
    Removing gd32f30x_usart.o(.ARM.exidx.text.usart_block_length_config), (8 bytes).
    Removing gd32f30x_usart.o(.text.usart_irda_mode_enable), (18 bytes).
    Removing gd32f30x_usart.o(.ARM.exidx.text.usart_irda_mode_enable), (8 bytes).
    Removing gd32f30x_usart.o(.text.usart_irda_mode_disable), (18 bytes).
    Removing gd32f30x_usart.o(.ARM.exidx.text.usart_irda_mode_disable), (8 bytes).
    Removing gd32f30x_usart.o(.text.usart_prescaler_config), (34 bytes).
    Removing gd32f30x_usart.o(.ARM.exidx.text.usart_prescaler_config), (8 bytes).
    Removing gd32f30x_usart.o(.text.usart_irda_lowpower_config), (34 bytes).
    Removing gd32f30x_usart.o(.ARM.exidx.text.usart_irda_lowpower_config), (8 bytes).
    Removing gd32f30x_usart.o(.text.usart_hardware_flow_rts_config), (34 bytes).
    Removing gd32f30x_usart.o(.ARM.exidx.text.usart_hardware_flow_rts_config), (8 bytes).
    Removing gd32f30x_usart.o(.text.usart_hardware_flow_cts_config), (34 bytes).
    Removing gd32f30x_usart.o(.ARM.exidx.text.usart_hardware_flow_cts_config), (8 bytes).
    Removing gd32f30x_usart.o(.text.usart_dma_receive_config), (38 bytes).
    Removing gd32f30x_usart.o(.ARM.exidx.text.usart_dma_receive_config), (8 bytes).
    Removing gd32f30x_usart.o(.text.usart_dma_transmit_config), (38 bytes).
    Removing gd32f30x_usart.o(.ARM.exidx.text.usart_dma_transmit_config), (8 bytes).
    Removing gd32f30x_usart.o(.ARM.exidx.text.usart_flag_get), (8 bytes).
    Removing gd32f30x_usart.o(.text.usart_flag_clear), (32 bytes).
    Removing gd32f30x_usart.o(.ARM.exidx.text.usart_flag_clear), (8 bytes).
    Removing gd32f30x_usart.o(.ARM.exidx.text.usart_interrupt_enable), (8 bytes).
    Removing gd32f30x_usart.o(.text.usart_interrupt_disable), (36 bytes).
    Removing gd32f30x_usart.o(.ARM.exidx.text.usart_interrupt_disable), (8 bytes).
    Removing gd32f30x_usart.o(.ARM.exidx.text.usart_interrupt_flag_get), (8 bytes).
    Removing gd32f30x_usart.o(.text.usart_interrupt_flag_clear), (28 bytes).
    Removing gd32f30x_usart.o(.ARM.exidx.text.usart_interrupt_flag_clear), (8 bytes).
    Removing gd32f30x_wwdgt.o(.text), (0 bytes).
    Removing gd32f30x_wwdgt.o(.text.wwdgt_deinit), (24 bytes).
    Removing gd32f30x_wwdgt.o(.ARM.exidx.text.wwdgt_deinit), (8 bytes).
    Removing gd32f30x_wwdgt.o(.text.wwdgt_enable), (18 bytes).
    Removing gd32f30x_wwdgt.o(.ARM.exidx.text.wwdgt_enable), (8 bytes).
    Removing gd32f30x_wwdgt.o(.text.wwdgt_counter_update), (28 bytes).
    Removing gd32f30x_wwdgt.o(.ARM.exidx.text.wwdgt_counter_update), (8 bytes).
    Removing gd32f30x_wwdgt.o(.text.wwdgt_config), (56 bytes).
    Removing gd32f30x_wwdgt.o(.ARM.exidx.text.wwdgt_config), (8 bytes).
    Removing gd32f30x_wwdgt.o(.text.wwdgt_flag_get), (42 bytes).
    Removing gd32f30x_wwdgt.o(.ARM.exidx.text.wwdgt_flag_get), (8 bytes).
    Removing gd32f30x_wwdgt.o(.text.wwdgt_flag_clear), (14 bytes).
    Removing gd32f30x_wwdgt.o(.ARM.exidx.text.wwdgt_flag_clear), (8 bytes).
    Removing gd32f30x_wwdgt.o(.text.wwdgt_interrupt_enable), (18 bytes).
    Removing gd32f30x_wwdgt.o(.ARM.exidx.text.wwdgt_interrupt_enable), (8 bytes).
    Removing system_gd32f30x.o(.text), (0 bytes).
    Removing system_gd32f30x.o(.ARM.exidx.text.SystemInit), (8 bytes).
    Removing system_gd32f30x.o(.ARM.exidx.text.system_clock_config), (8 bytes).
    Removing system_gd32f30x.o(.text.SystemCoreClockUpdate), (412 bytes).
    Removing system_gd32f30x.o(.ARM.exidx.text.SystemCoreClockUpdate), (8 bytes).
    Removing system_gd32f30x.o(.ARM.exidx.text.system_clock_120m_hxtal), (8 bytes).
    Removing system_gd32f30x.o(.rodata.cst16), (16 bytes).
    Removing startup_gd32f30x_xd.o(HEAP), (1024 bytes).
    Removing uart.o(.text), (0 bytes).
    Removing uart.o(.ARM.exidx.text.usart_init), (8 bytes).
    Removing uart.o(.text.usart1_send_data), (50 bytes).
    Removing uart.o(.ARM.exidx.text.usart1_send_data), (8 bytes).
    Removing uart.o(.text.usart1_receive_data), (18 bytes).
    Removing uart.o(.ARM.exidx.text.usart1_receive_data), (8 bytes).
    Removing uart.o(.ARM.exidx.text.USART1_IRQHandler), (8 bytes).
    Removing uart.o(.ARM.exidx.text.usart_send_data), (8 bytes).
    Removing uart.o(.text.usart1_send_String), (58 bytes).
    Removing uart.o(.ARM.exidx.text.usart1_send_String), (8 bytes).
    Removing uart.o(.text.usart_receive_data), (18 bytes).
    Removing uart.o(.ARM.exidx.text.usart_receive_data), (8 bytes).
    Removing uart.o(.ARM.exidx.text.USART0_IRQHandler), (8 bytes).
    Removing uart.o(.text.usart_send_String), (58 bytes).
    Removing uart.o(.ARM.exidx.text.usart_send_String), (8 bytes).
    Removing uart.o(.ARM.exidx.text.fputc), (8 bytes).
    Removing spi.o(.text), (0 bytes).
    Removing spi.o(.ARM.exidx.text.bsp_spi_init), (8 bytes).
    Removing spi.o(.ARM.exidx.text.SPI_WriteRegister), (8 bytes).
    Removing spi.o(.ARM.exidx.text.SPI_ReadRegister), (8 bytes).
    Removing iic.o(.text), (0 bytes).
    Removing iic.o(.ARM.exidx.text.I2C_Init), (8 bytes).
    Removing iic.o(.text.I2C1_Wait_Ack), (144 bytes).
    Removing iic.o(.ARM.exidx.text.I2C1_Wait_Ack), (8 bytes).
    Removing iic.o(.ARM.exidx.text.IIC_Stop), (8 bytes).
    Removing iic.o(.text.I2C1_Ack), (68 bytes).
    Removing iic.o(.ARM.exidx.text.I2C1_Ack), (8 bytes).
    Removing iic.o(.text.I2C1_NAck), (68 bytes).
    Removing iic.o(.ARM.exidx.text.I2C1_NAck), (8 bytes).
    Removing iic.o(.text.I2C1_Send_One_Byte), (166 bytes).
    Removing iic.o(.ARM.exidx.text.I2C1_Send_One_Byte), (8 bytes).
    Removing iic.o(.text.I2C1_Read_One_Byte), (152 bytes).
    Removing iic.o(.ARM.exidx.text.I2C1_Read_One_Byte), (8 bytes).
    Removing iic.o(.text.MCP4728_ReadData), (126 bytes).
    Removing iic.o(.ARM.exidx.text.MCP4728_ReadData), (8 bytes).
    Removing iic.o(.ARM.exidx.text.IIC_Start_MCP4728), (8 bytes).
    Removing iic.o(.ARM.exidx.text.IIC_SendByte), (8 bytes).
    Removing iic.o(.text.IIC_RecvByte), (154 bytes).
    Removing iic.o(.ARM.exidx.text.IIC_RecvByte), (8 bytes).
    Removing iic.o(.text.IIC_SendACK), (98 bytes).
    Removing iic.o(.ARM.exidx.text.IIC_SendACK), (8 bytes).
    Removing iic.o(.text.MCP4728_ReadAddr), (112 bytes).
    Removing iic.o(.ARM.exidx.text.MCP4728_ReadAddr), (8 bytes).
    Removing iic.o(.text.change_address), (106 bytes).
    Removing iic.o(.ARM.exidx.text.change_address), (8 bytes).
    Removing iic.o(.text.MCP4728Init), (18 bytes).
    Removing iic.o(.ARM.exidx.text.MCP4728Init), (8 bytes).
    Removing iic.o(.text.MCP4728_SetVoltage), (212 bytes).
    Removing iic.o(.ARM.exidx.text.MCP4728_SetVoltage), (8 bytes).
    Removing iic.o(.ARM.exidx.text.mcp4728_write_all_channel), (8 bytes).
    Removing iic.o(.text.MCP4728_reset), (74 bytes).
    Removing iic.o(.ARM.exidx.text.MCP4728_reset), (8 bytes).
    Removing iic.o(.text.MCP4728_wakeup), (74 bytes).
    Removing iic.o(.ARM.exidx.text.MCP4728_wakeup), (8 bytes).
    Removing iic.o(.ARM.exidx.text.IIC_RecvACK), (8 bytes).
    Removing timer.o(.text), (0 bytes).
    Removing timer.o(.ARM.exidx.text.timer2_init), (8 bytes).
    Removing timer.o(.ARM.exidx.text.TIMER2_IRQHandler), (8 bytes).
    Removing platform.o(.text), (0 bytes).
    Removing platform.o(.ARM.exidx.text.update_reg), (8 bytes).
    Removing platform.o(.ARM.exidx.text.ctrl_init), (8 bytes).
    Removing platform.o(.ARM.exidx.text.update_ch_gear), (8 bytes).
    Removing dneg.o(.text), (6 bytes).

1282 unused section(s) (total 43232 bytes) removed from the image.

==============================================================================

Image Symbol Table

    Local Symbols

    Symbol Name                              Value     Ov Type        Size  Object(Section)

    ../Firmware/CMSIS/GD/GD32F30x/Source/ARM/startup_gd32f30x_xd.s 0x00000000   Number         0  startup_gd32f30x_xd.o ABSOLUTE
    ../clib/division.s                       0x00000000   Number         0  aeabi_sdiv.o ABSOLUTE
    ../clib/microlib/division.c              0x00000000   Number         0  uidiv.o ABSOLUTE
    ../clib/microlib/division.c              0x00000000   Number         0  uldiv.o ABSOLUTE
    ../clib/microlib/errno.c                 0x00000000   Number         0  errno.o ABSOLUTE
    ../clib/microlib/init/entry.s            0x00000000   Number         0  entry.o ABSOLUTE
    ../clib/microlib/init/entry.s            0x00000000   Number         0  entry2.o ABSOLUTE
    ../clib/microlib/init/entry.s            0x00000000   Number         0  entry5.o ABSOLUTE
    ../clib/microlib/init/entry.s            0x00000000   Number         0  entry7a.o ABSOLUTE
    ../clib/microlib/init/entry.s            0x00000000   Number         0  entry7b.o ABSOLUTE
    ../clib/microlib/init/entry.s            0x00000000   Number         0  entry8a.o ABSOLUTE
    ../clib/microlib/init/entry.s            0x00000000   Number         0  entry8b.o ABSOLUTE
    ../clib/microlib/init/entry.s            0x00000000   Number         0  entry9a.o ABSOLUTE
    ../clib/microlib/init/entry.s            0x00000000   Number         0  entry9b.o ABSOLUTE
    ../clib/microlib/init/entry.s            0x00000000   Number         0  entry10a.o ABSOLUTE
    ../clib/microlib/init/entry.s            0x00000000   Number         0  entry10b.o ABSOLUTE
    ../clib/microlib/init/entry.s            0x00000000   Number         0  entry11a.o ABSOLUTE
    ../clib/microlib/init/entry.s            0x00000000   Number         0  entry11b.o ABSOLUTE
    ../clib/microlib/longlong.c              0x00000000   Number         0  llshl.o ABSOLUTE
    ../clib/microlib/longlong.c              0x00000000   Number         0  llushr.o ABSOLUTE
    ../clib/microlib/longlong.c              0x00000000   Number         0  llsshr.o ABSOLUTE
    ../clib/microlib/printf/printf.c         0x00000000   Number         0  printfa.o ABSOLUTE
    ../clib/microlib/stdio/streams.c         0x00000000   Number         0  stdout.o ABSOLUTE
    ../clib/microlib/stubs.s                 0x00000000   Number         0  iusefp.o ABSOLUTE
    ../fplib/microlib/fpadd.c                0x00000000   Number         0  dadd.o ABSOLUTE
    ../fplib/microlib/fpcmp.c                0x00000000   Number         0  dcmplt.o ABSOLUTE
    ../fplib/microlib/fpcmp.c                0x00000000   Number         0  dcmpgt.o ABSOLUTE
    ../fplib/microlib/fpdiv.c                0x00000000   Number         0  ddiv.o ABSOLUTE
    ../fplib/microlib/fpepilogue.c           0x00000000   Number         0  depilogue.o ABSOLUTE
    ../fplib/microlib/fpfix.c                0x00000000   Number         0  dfixui.o ABSOLUTE
    ../fplib/microlib/fpfix.c                0x00000000   Number         0  dfixul.o ABSOLUTE
    ../fplib/microlib/fpflt.c                0x00000000   Number         0  dfltui.o ABSOLUTE
    ../fplib/microlib/fpflt.c                0x00000000   Number         0  dflti.o ABSOLUTE
    ../fplib/microlib/fpmul.c                0x00000000   Number         0  dmul.o ABSOLUTE
    ../fplib/microlib/fpneg.c                0x00000000   Number         0  dneg.o ABSOLUTE
    ../fplib/microlib/fpscalb.c              0x00000000   Number         0  dscalb.o ABSOLUTE
    ../fplib/microlib/fpsqrt.c               0x00000000   Number         0  dsqrt.o ABSOLUTE
    ../mathlib/dunder.c                      0x00000000   Number         0  dunder.o ABSOLUTE
    ../mathlib/fabs.c                        0x00000000   Number         0  fabs.o ABSOLUTE
    ../mathlib/fpclassify.c                  0x00000000   Number         0  fpclassify.o ABSOLUTE
    ../mathlib/poly.c                        0x00000000   Number         0  poly.o ABSOLUTE
    ../mathlib/pow.c                         0x00000000   Number         0  pow.o ABSOLUTE
    ../mathlib/qnan.c                        0x00000000   Number         0  qnan.o ABSOLUTE
    ../mathlib/sqrt.c                        0x00000000   Number         0  sqrt.o ABSOLUTE
    cdrcmple.s                               0x00000000   Number         0  cdrcmple.o ABSOLUTE
    dc.s                                     0x00000000   Number         0  dc.o ABSOLUTE
    gd32f30x_adc.c                           0x00000000   Number         0  gd32f30x_adc.o ABSOLUTE
    gd32f30x_bkp.c                           0x00000000   Number         0  gd32f30x_bkp.o ABSOLUTE
    gd32f30x_can.c                           0x00000000   Number         0  gd32f30x_can.o ABSOLUTE
    gd32f30x_crc.c                           0x00000000   Number         0  gd32f30x_crc.o ABSOLUTE
    gd32f30x_ctc.c                           0x00000000   Number         0  gd32f30x_ctc.o ABSOLUTE
    gd32f30x_dac.c                           0x00000000   Number         0  gd32f30x_dac.o ABSOLUTE
    gd32f30x_dbg.c                           0x00000000   Number         0  gd32f30x_dbg.o ABSOLUTE
    gd32f30x_dma.c                           0x00000000   Number         0  gd32f30x_dma.o ABSOLUTE
    gd32f30x_enet.c                          0x00000000   Number         0  gd32f30x_enet.o ABSOLUTE
    gd32f30x_exmc.c                          0x00000000   Number         0  gd32f30x_exmc.o ABSOLUTE
    gd32f30x_exti.c                          0x00000000   Number         0  gd32f30x_exti.o ABSOLUTE
    gd32f30x_fmc.c                           0x00000000   Number         0  gd32f30x_fmc.o ABSOLUTE
    gd32f30x_fwdgt.c                         0x00000000   Number         0  gd32f30x_fwdgt.o ABSOLUTE
    gd32f30x_gpio.c                          0x00000000   Number         0  gd32f30x_gpio.o ABSOLUTE
    gd32f30x_i2c.c                           0x00000000   Number         0  gd32f30x_i2c.o ABSOLUTE
    gd32f30x_it.c                            0x00000000   Number         0  gd32f30x_it.o ABSOLUTE
    gd32f30x_misc.c                          0x00000000   Number         0  gd32f30x_misc.o ABSOLUTE
    gd32f30x_pmu.c                           0x00000000   Number         0  gd32f30x_pmu.o ABSOLUTE
    gd32f30x_rcu.c                           0x00000000   Number         0  gd32f30x_rcu.o ABSOLUTE
    gd32f30x_rtc.c                           0x00000000   Number         0  gd32f30x_rtc.o ABSOLUTE
    gd32f30x_sdio.c                          0x00000000   Number         0  gd32f30x_sdio.o ABSOLUTE
    gd32f30x_spi.c                           0x00000000   Number         0  gd32f30x_spi.o ABSOLUTE
    gd32f30x_timer.c                         0x00000000   Number         0  gd32f30x_timer.o ABSOLUTE
    gd32f30x_usart.c                         0x00000000   Number         0  gd32f30x_usart.o ABSOLUTE
    gd32f30x_wwdgt.c                         0x00000000   Number         0  gd32f30x_wwdgt.o ABSOLUTE
    handlers.s                               0x00000000   Number         0  handlers.o ABSOLUTE
    iic.c                                    0x00000000   Number         0  iic.o ABSOLUTE
    init.s                                   0x00000000   Number         0  init.o ABSOLUTE
    main.c                                   0x00000000   Number         0  main.o ABSOLUTE
    platform.c                               0x00000000   Number         0  platform.o ABSOLUTE
    spi.c                                    0x00000000   Number         0  spi.o ABSOLUTE
    system_gd32f30x.c                        0x00000000   Number         0  system_gd32f30x.o ABSOLUTE
    systick.c                                0x00000000   Number         0  systick.o ABSOLUTE
    timer.c                                  0x00000000   Number         0  timer.o ABSOLUTE
    uart.c                                   0x00000000   Number         0  uart.o ABSOLUTE
    RESET                                    0x08000000   Section      304  startup_gd32f30x_xd.o(RESET)
    .ARM.Collect$$$$00000000                 0x08000130   Section        0  entry.o(.ARM.Collect$$$$00000000)
    .ARM.Collect$$$$00000001                 0x08000130   Section        4  entry2.o(.ARM.Collect$$$$00000001)
    .ARM.Collect$$$$00000004                 0x08000134   Section        4  entry5.o(.ARM.Collect$$$$00000004)
    .ARM.Collect$$$$00000008                 0x08000138   Section        0  entry7b.o(.ARM.Collect$$$$00000008)
    .ARM.Collect$$$$0000000A                 0x08000138   Section        0  entry8b.o(.ARM.Collect$$$$0000000A)
    .ARM.Collect$$$$0000000B                 0x08000138   Section        8  entry9a.o(.ARM.Collect$$$$0000000B)
    __lit__00000000                          0x08000140   Data           4  entry2.o(.ARM.Collect$$$$00002712)
    .ARM.Collect$$$$0000000D                 0x08000140   Section        0  entry10a.o(.ARM.Collect$$$$0000000D)
    .ARM.Collect$$$$0000000F                 0x08000140   Section        0  entry11a.o(.ARM.Collect$$$$0000000F)
    .ARM.Collect$$$$00002712                 0x08000140   Section        4  entry2.o(.ARM.Collect$$$$00002712)
    $v0                                      0x08000144   Number         0  startup_gd32f30x_xd.o(.text)
    .text                                    0x08000144   Section       36  startup_gd32f30x_xd.o(.text)
    .text                                    0x08000168   Section        0  dadd.o(.text)
    .text                                    0x080002b6   Section        0  dmul.o(.text)
    .text                                    0x0800039a   Section        0  dcmplt.o(.text)
    .text                                    0x080003d0   Section        0  dcmpgt.o(.text)
    .text                                    0x08000406   Section        0  dfltui.o(.text)
    .text                                    0x08000420   Section        0  dfixui.o(.text)
    .text                                    0x08000452   Section        0  uidiv.o(.text)
    .text                                    0x0800047e   Section        0  uldiv.o(.text)
    .text                                    0x080004e0   Section        0  llshl.o(.text)
    .text                                    0x080004fe   Section        0  llushr.o(.text)
    .text                                    0x0800051e   Section        0  llsshr.o(.text)
    .text                                    0x08000542   Section        0  iusefp.o(.text)
    .text                                    0x08000542   Section        0  depilogue.o(.text)
    .text                                    0x080005fc   Section        0  ddiv.o(.text)
    .text                                    0x080006da   Section        0  dscalb.o(.text)
    .text                                    0x08000708   Section        0  dflti.o(.text)
    .text                                    0x0800072a   Section        0  dfixul.o(.text)
    .text                                    0x0800075c   Section       48  cdrcmple.o(.text)
    .text                                    0x0800078c   Section       48  init.o(.text)
    .text                                    0x080007bc   Section        0  dsqrt.o(.text)
    [Anonymous Symbol]                       0x08000860   Section        0  gd32f30x_it.o(.text.BusFault_Handler)
    [Anonymous Symbol]                       0x08000864   Section        0  main.o(.text.CH1_GEAR_task)
    [Anonymous Symbol]                       0x080009d4   Section        0  main.o(.text.CH1_OFFSET_task)
    [Anonymous Symbol]                       0x08000bfc   Section        0  main.o(.text.CH2_GEAR_task)
    [Anonymous Symbol]                       0x08000d68   Section        0  main.o(.text.CH2_OFFSET_task)
    [Anonymous Symbol]                       0x08000f8c   Section        0  main.o(.text.CURSOR_X1_task)
    [Anonymous Symbol]                       0x08001090   Section        0  main.o(.text.CURSOR_X2_task)
    [Anonymous Symbol]                       0x08001194   Section        0  main.o(.text.CURSOR_Y1_task)
    [Anonymous Symbol]                       0x08001298   Section        0  main.o(.text.CURSOR_Y2_task)
    [Anonymous Symbol]                       0x08001398   Section        0  main.o(.text.DAC_ATT_task)
    [Anonymous Symbol]                       0x080014c0   Section        0  main.o(.text.DAC_FREQ_task)
    [Anonymous Symbol]                       0x08001850   Section        0  main.o(.text.DAC_WAVE_task)
    [Anonymous Symbol]                       0x08001978   Section        0  gd32f30x_it.o(.text.DebugMon_Handler)
    [Anonymous Symbol]                       0x0800197c   Section        0  gd32f30x_it.o(.text.HardFault_Handler)
    [Anonymous Symbol]                       0x08001980   Section        0  iic.o(.text.I2C_Init)
    IIC_RecvACK                              0x080019b9   Thumb Code    74  iic.o(.text.IIC_RecvACK)
    [Anonymous Symbol]                       0x080019b8   Section        0  iic.o(.text.IIC_RecvACK)
    IIC_SendByte                             0x08001a05   Thumb Code   170  iic.o(.text.IIC_SendByte)
    [Anonymous Symbol]                       0x08001a04   Section        0  iic.o(.text.IIC_SendByte)
    IIC_Start_MCP4728                        0x08001ab1   Thumb Code    70  iic.o(.text.IIC_Start_MCP4728)
    [Anonymous Symbol]                       0x08001ab0   Section        0  iic.o(.text.IIC_Start_MCP4728)
    IIC_Stop                                 0x08001af9   Thumb Code    70  iic.o(.text.IIC_Stop)
    [Anonymous Symbol]                       0x08001af8   Section        0  iic.o(.text.IIC_Stop)
    [Anonymous Symbol]                       0x08001b40   Section        0  gd32f30x_it.o(.text.MemManage_Handler)
    [Anonymous Symbol]                       0x08001b44   Section        0  gd32f30x_it.o(.text.NMI_Handler)
    [Anonymous Symbol]                       0x08001b48   Section        0  gd32f30x_it.o(.text.PendSV_Handler)
    [Anonymous Symbol]                       0x08001b4c   Section        0  spi.o(.text.SPI_ReadRegister)
    [Anonymous Symbol]                       0x08001c00   Section        0  spi.o(.text.SPI_WriteRegister)
    [Anonymous Symbol]                       0x08001cbc   Section        0  gd32f30x_it.o(.text.SVC_Handler)
    [Anonymous Symbol]                       0x08001cc0   Section        0  gd32f30x_it.o(.text.SysTick_Handler)
    [Anonymous Symbol]                       0x08001cc4   Section        0  system_gd32f30x.o(.text.SystemInit)
    [Anonymous Symbol]                       0x08001da4   Section        0  timer.o(.text.TIMER2_IRQHandler)
    [Anonymous Symbol]                       0x08002258   Section        0  main.o(.text.TIME_GEAR_task)
    [Anonymous Symbol]                       0x08002744   Section        0  main.o(.text.TIME_OFFSET_task)
    [Anonymous Symbol]                       0x08002954   Section        0  main.o(.text.TRIG_CH_task)
    [Anonymous Symbol]                       0x08002a70   Section        0  main.o(.text.TRIG_EDGE_task)
    [Anonymous Symbol]                       0x08002b90   Section        0  main.o(.text.TRIG_LEVEL_task)
    [Anonymous Symbol]                       0x08002dc4   Section        0  uart.o(.text.USART0_IRQHandler)
    [Anonymous Symbol]                       0x08002e54   Section        0  uart.o(.text.USART1_IRQHandler)
    [Anonymous Symbol]                       0x08002ee4   Section        0  gd32f30x_it.o(.text.UsageFault_Handler)
    [Anonymous Symbol]                       0x08002ee8   Section        0  spi.o(.text.bsp_spi_init)
    [Anonymous Symbol]                       0x08002fa0   Section        0  platform.o(.text.ctrl_init)
    [Anonymous Symbol]                       0x0800302c   Section        0  systick.o(.text.delay_ms)
    [Anonymous Symbol]                       0x080030c4   Section        0  systick.o(.text.delay_us)
    [Anonymous Symbol]                       0x0800315c   Section        0  uart.o(.text.fputc)
    [Anonymous Symbol]                       0x08003174   Section        0  gd32f30x_gpio.o(.text.gpio_bit_reset)
    [Anonymous Symbol]                       0x08003184   Section        0  gd32f30x_gpio.o(.text.gpio_bit_set)
    [Anonymous Symbol]                       0x08003194   Section        0  gd32f30x_gpio.o(.text.gpio_init)
    [Anonymous Symbol]                       0x08003318   Section        0  gd32f30x_gpio.o(.text.gpio_input_bit_get)
    [Anonymous Symbol]                       0x08003344   Section        0  gd32f30x_gpio.o(.text.gpio_pin_remap_config)
    [Anonymous Symbol]                       0x08003440   Section        0  main.o(.text.main)
    [Anonymous Symbol]                       0x080034a8   Section        0  iic.o(.text.mcp4728_write_all_channel)
    [Anonymous Symbol]                       0x08003594   Section        0  gd32f30x_misc.o(.text.nvic_irq_enable)
    [Anonymous Symbol]                       0x080036bc   Section        0  gd32f30x_misc.o(.text.nvic_priority_group_set)
    [Anonymous Symbol]                       0x080036d8   Section        0  main.o(.text.object_task)
    [Anonymous Symbol]                       0x08003a2c   Section        0  gd32f30x_rcu.o(.text.rcu_clock_freq_get)
    [Anonymous Symbol]                       0x08003c1c   Section        0  gd32f30x_rcu.o(.text.rcu_periph_clock_enable)
    [Anonymous Symbol]                       0x08003c44   Section        0  gd32f30x_rcu.o(.text.rcu_periph_reset_disable)
    [Anonymous Symbol]                       0x08003c6c   Section        0  gd32f30x_rcu.o(.text.rcu_periph_reset_enable)
    [Anonymous Symbol]                       0x08003c94   Section        0  gd32f30x_spi.o(.text.spi_enable)
    [Anonymous Symbol]                       0x08003ca8   Section        0  gd32f30x_spi.o(.text.spi_i2s_data_receive)
    [Anonymous Symbol]                       0x08003cb8   Section        0  gd32f30x_spi.o(.text.spi_i2s_data_transmit)
    [Anonymous Symbol]                       0x08003ccc   Section        0  gd32f30x_spi.o(.text.spi_i2s_flag_get)
    [Anonymous Symbol]                       0x08003cf8   Section        0  gd32f30x_spi.o(.text.spi_init)
    system_clock_120m_hxtal                  0x08003d6d   Thumb Code   372  system_gd32f30x.o(.text.system_clock_120m_hxtal)
    [Anonymous Symbol]                       0x08003d6c   Section        0  system_gd32f30x.o(.text.system_clock_120m_hxtal)
    system_clock_config                      0x08003ee1   Thumb Code     8  system_gd32f30x.o(.text.system_clock_config)
    [Anonymous Symbol]                       0x08003ee0   Section        0  system_gd32f30x.o(.text.system_clock_config)
    [Anonymous Symbol]                       0x08003ee8   Section        0  gd32f30x_misc.o(.text.systick_clksource_set)
    [Anonymous Symbol]                       0x08003f1c   Section        0  systick.o(.text.systick_config)
    [Anonymous Symbol]                       0x08003f6c   Section        0  timer.o(.text.timer2_init)
    [Anonymous Symbol]                       0x08003fcc   Section        0  gd32f30x_timer.o(.text.timer_enable)
    [Anonymous Symbol]                       0x08003fe0   Section        0  gd32f30x_timer.o(.text.timer_init)
    [Anonymous Symbol]                       0x080040e4   Section        0  gd32f30x_timer.o(.text.timer_interrupt_enable)
    [Anonymous Symbol]                       0x080040f8   Section        0  gd32f30x_timer.o(.text.timer_interrupt_flag_clear)
    [Anonymous Symbol]                       0x0800410c   Section        0  gd32f30x_timer.o(.text.timer_interrupt_flag_get)
    [Anonymous Symbol]                       0x08004148   Section        0  gd32f30x_timer.o(.text.timer_struct_para_init)
    [Anonymous Symbol]                       0x08004170   Section        0  platform.o(.text.update_ch_gear)
    [Anonymous Symbol]                       0x08004400   Section        0  platform.o(.text.update_reg)
    [Anonymous Symbol]                       0x08004758   Section        0  gd32f30x_usart.o(.text.usart_baudrate_set)
    [Anonymous Symbol]                       0x08004824   Section        0  gd32f30x_usart.o(.text.usart_data_receive)
    [Anonymous Symbol]                       0x08004834   Section        0  gd32f30x_usart.o(.text.usart_data_transmit)
    [Anonymous Symbol]                       0x0800484c   Section        0  gd32f30x_usart.o(.text.usart_deinit)
    [Anonymous Symbol]                       0x08004904   Section        0  gd32f30x_usart.o(.text.usart_enable)
    [Anonymous Symbol]                       0x08004918   Section        0  gd32f30x_usart.o(.text.usart_flag_get)
    [Anonymous Symbol]                       0x08004954   Section        0  uart.o(.text.usart_init)
    [Anonymous Symbol]                       0x080049f0   Section        0  gd32f30x_usart.o(.text.usart_interrupt_enable)
    [Anonymous Symbol]                       0x08004a14   Section        0  gd32f30x_usart.o(.text.usart_interrupt_flag_get)
    [Anonymous Symbol]                       0x08004a74   Section        0  gd32f30x_usart.o(.text.usart_parity_config)
    [Anonymous Symbol]                       0x08004a94   Section        0  gd32f30x_usart.o(.text.usart_receive_config)
    [Anonymous Symbol]                       0x08004ab8   Section        0  uart.o(.text.usart_send_data)
    [Anonymous Symbol]                       0x08004aec   Section        0  gd32f30x_usart.o(.text.usart_stop_bit_set)
    [Anonymous Symbol]                       0x08004b0c   Section        0  gd32f30x_usart.o(.text.usart_transmit_config)
    [Anonymous Symbol]                       0x08004b30   Section        0  gd32f30x_usart.o(.text.usart_word_length_set)
    i.__0printf                              0x08004b50   Section        0  printfa.o(i.__0printf)
    i.__ARM_fpclassify                       0x08004b70   Section        0  fpclassify.o(i.__ARM_fpclassify)
    i.__hardfp_pow                           0x08004ba0   Section        0  pow.o(i.__hardfp_pow)
    i.__kernel_poly                          0x08005800   Section        0  poly.o(i.__kernel_poly)
    i.__mathlib_dbl_divzero                  0x080058f8   Section        0  dunder.o(i.__mathlib_dbl_divzero)
    i.__mathlib_dbl_infnan2                  0x08005928   Section        0  dunder.o(i.__mathlib_dbl_infnan2)
    i.__mathlib_dbl_invalid                  0x08005940   Section        0  dunder.o(i.__mathlib_dbl_invalid)
    i.__mathlib_dbl_overflow                 0x08005960   Section        0  dunder.o(i.__mathlib_dbl_overflow)
    i.__mathlib_dbl_underflow                0x08005980   Section        0  dunder.o(i.__mathlib_dbl_underflow)
    i.__scatterload_copy                     0x080059a0   Section       14  handlers.o(i.__scatterload_copy)
    i.__scatterload_null                     0x080059ae   Section        2  handlers.o(i.__scatterload_null)
    i.__scatterload_zeroinit                 0x080059b0   Section       14  handlers.o(i.__scatterload_zeroinit)
    i.__set_errno                            0x080059c0   Section        0  errno.o(i.__set_errno)
    _fp_digits                               0x080059cd   Thumb Code   366  printfa.o(i._fp_digits)
    i._fp_digits                             0x080059cc   Section        0  printfa.o(i._fp_digits)
    _printf_core                             0x08005b51   Thumb Code  1744  printfa.o(i._printf_core)
    i._printf_core                           0x08005b50   Section        0  printfa.o(i._printf_core)
    _printf_post_padding                     0x0800622d   Thumb Code    36  printfa.o(i._printf_post_padding)
    i._printf_post_padding                   0x0800622c   Section        0  printfa.o(i._printf_post_padding)
    _printf_pre_padding                      0x08006251   Thumb Code    46  printfa.o(i._printf_pre_padding)
    i._printf_pre_padding                    0x08006250   Section        0  printfa.o(i._printf_pre_padding)
    i.fabs                                   0x0800627e   Section        0  fabs.o(i.fabs)
    i.sqrt                                   0x08006296   Section        0  sqrt.o(i.sqrt)
    bp                                       0x08006308   Data          16  pow.o(.constdata)
    .constdata                               0x08006308   Section      136  pow.o(.constdata)
    dp_h                                     0x08006318   Data          16  pow.o(.constdata)
    dp_l                                     0x08006328   Data          16  pow.o(.constdata)
    L                                        0x08006338   Data          48  pow.o(.constdata)
    P                                        0x08006368   Data          40  pow.o(.constdata)
    .constdata                               0x08006390   Section        8  qnan.o(.constdata)
    .L.str                                   0x08006398   Data          12  main.o(.rodata.str1.1)
    [Anonymous Symbol]                       0x08006398   Section        0  main.o(.rodata.str1.1)
    .data                                    0x20000000   Section        4  stdout.o(.data)
    _errno                                   0x20000004   Data           4  errno.o(.data)
    .data                                    0x20000004   Section        4  errno.o(.data)
    TIMER2_IRQHandler.A1                     0x2000000c   Data           1  timer.o(.data.TIMER2_IRQHandler.A1)
    [Anonymous Symbol]                       0x2000000c   Section        0  timer.o(.data.TIMER2_IRQHandler.A1)
    TIMER2_IRQHandler.A1_r                   0x2000000d   Data           1  timer.o(.data.TIMER2_IRQHandler.A1_r)
    [Anonymous Symbol]                       0x2000000d   Section        0  timer.o(.data.TIMER2_IRQHandler.A1_r)
    TIMER2_IRQHandler.A2                     0x2000000e   Data           1  timer.o(.data.TIMER2_IRQHandler.A2)
    [Anonymous Symbol]                       0x2000000e   Section        0  timer.o(.data.TIMER2_IRQHandler.A2)
    TIMER2_IRQHandler.A2_r                   0x2000000f   Data           1  timer.o(.data.TIMER2_IRQHandler.A2_r)
    [Anonymous Symbol]                       0x2000000f   Section        0  timer.o(.data.TIMER2_IRQHandler.A2_r)
    TIMER2_IRQHandler.B1                     0x20000010   Data           1  timer.o(.data.TIMER2_IRQHandler.B1)
    [Anonymous Symbol]                       0x20000010   Section        0  timer.o(.data.TIMER2_IRQHandler.B1)
    TIMER2_IRQHandler.B1_r                   0x20000011   Data           1  timer.o(.data.TIMER2_IRQHandler.B1_r)
    [Anonymous Symbol]                       0x20000011   Section        0  timer.o(.data.TIMER2_IRQHandler.B1_r)
    TIMER2_IRQHandler.B2                     0x20000012   Data           1  timer.o(.data.TIMER2_IRQHandler.B2)
    [Anonymous Symbol]                       0x20000012   Section        0  timer.o(.data.TIMER2_IRQHandler.B2)
    TIMER2_IRQHandler.B2_r                   0x20000013   Data           1  timer.o(.data.TIMER2_IRQHandler.B2_r)
    [Anonymous Symbol]                       0x20000013   Section        0  timer.o(.data.TIMER2_IRQHandler.B2_r)
    DAC_FREQ_task.check                      0x200000a8   Data           1  main.o(.bss.DAC_FREQ_task.check)
    [Anonymous Symbol]                       0x200000a8   Section        0  main.o(.bss.DAC_FREQ_task.check)
    count_1ms                                0x200000bc   Data           4  systick.o(.bss.count_1ms)
    [Anonymous Symbol]                       0x200000bc   Section        0  systick.o(.bss.count_1ms)
    count_1us                                0x200000c0   Data           4  systick.o(.bss.count_1us)
    [Anonymous Symbol]                       0x200000c0   Section        0  systick.o(.bss.count_1us)
    STACK                                    0x200003f0   Section     1024  startup_gd32f30x_xd.o(STACK)

    Global Symbols

    Symbol Name                              Value     Ov Type        Size  Object(Section)

    BuildAttributes$$THM_ISAv4$E$P$D$K$B$S$7EM$VFPi3$EXTD16$VFPS$VFMA$PE$A:L22UL41UL21$X:L11$S22US41US21$IEEE1$IW$~IW$USESV6$~STKCKD$USESV7$~SHL$OTIME$ROPI$IEEEX$EBA8$MICROLIB$REQ8$PRES8$EABIv2 0x00000000   Number         0  anon$$obj.o ABSOLUTE
    __cpp_initialize__aeabi_                  - Undefined Weak Reference
    __cxa_finalize                            - Undefined Weak Reference
    __decompress                              - Undefined Weak Reference
    _clock_init                               - Undefined Weak Reference
    _microlib_exit                            - Undefined Weak Reference
    __Vectors_Size                           0x00000130   Number         0  startup_gd32f30x_xd.o ABSOLUTE
    __Vectors                                0x08000000   Data           4  startup_gd32f30x_xd.o(RESET)
    __Vectors_End                            0x08000130   Data           0  startup_gd32f30x_xd.o(RESET)
    __main                                   0x08000131   Thumb Code     0  entry.o(.ARM.Collect$$$$00000000)
    _main_stk                                0x08000131   Thumb Code     0  entry2.o(.ARM.Collect$$$$00000001)
    _main_scatterload                        0x08000135   Thumb Code     0  entry5.o(.ARM.Collect$$$$00000004)
    __main_after_scatterload                 0x08000139   Thumb Code     0  entry5.o(.ARM.Collect$$$$00000004)
    _main_clock                              0x08000139   Thumb Code     0  entry7b.o(.ARM.Collect$$$$00000008)
    _main_cpp_init                           0x08000139   Thumb Code     0  entry8b.o(.ARM.Collect$$$$0000000A)
    _main_init                               0x08000139   Thumb Code     0  entry9a.o(.ARM.Collect$$$$0000000B)
    __rt_final_cpp                           0x08000141   Thumb Code     0  entry10a.o(.ARM.Collect$$$$0000000D)
    __rt_final_exit                          0x08000141   Thumb Code     0  entry11a.o(.ARM.Collect$$$$0000000F)
    Reset_Handler                            0x08000145   Thumb Code     8  startup_gd32f30x_xd.o(.text)
    ADC0_1_IRQHandler                        0x0800015f   Thumb Code     0  startup_gd32f30x_xd.o(.text)
    ADC2_IRQHandler                          0x0800015f   Thumb Code     0  startup_gd32f30x_xd.o(.text)
    CAN0_EWMC_IRQHandler                     0x0800015f   Thumb Code     0  startup_gd32f30x_xd.o(.text)
    CAN0_RX1_IRQHandler                      0x0800015f   Thumb Code     0  startup_gd32f30x_xd.o(.text)
    DMA0_Channel0_IRQHandler                 0x0800015f   Thumb Code     0  startup_gd32f30x_xd.o(.text)
    DMA0_Channel1_IRQHandler                 0x0800015f   Thumb Code     0  startup_gd32f30x_xd.o(.text)
    DMA0_Channel2_IRQHandler                 0x0800015f   Thumb Code     0  startup_gd32f30x_xd.o(.text)
    DMA0_Channel3_IRQHandler                 0x0800015f   Thumb Code     0  startup_gd32f30x_xd.o(.text)
    DMA0_Channel4_IRQHandler                 0x0800015f   Thumb Code     0  startup_gd32f30x_xd.o(.text)
    DMA0_Channel5_IRQHandler                 0x0800015f   Thumb Code     0  startup_gd32f30x_xd.o(.text)
    DMA0_Channel6_IRQHandler                 0x0800015f   Thumb Code     0  startup_gd32f30x_xd.o(.text)
    DMA1_Channel0_IRQHandler                 0x0800015f   Thumb Code     0  startup_gd32f30x_xd.o(.text)
    DMA1_Channel1_IRQHandler                 0x0800015f   Thumb Code     0  startup_gd32f30x_xd.o(.text)
    DMA1_Channel2_IRQHandler                 0x0800015f   Thumb Code     0  startup_gd32f30x_xd.o(.text)
    DMA1_Channel3_4_IRQHandler               0x0800015f   Thumb Code     0  startup_gd32f30x_xd.o(.text)
    EXMC_IRQHandler                          0x0800015f   Thumb Code     0  startup_gd32f30x_xd.o(.text)
    EXTI0_IRQHandler                         0x0800015f   Thumb Code     0  startup_gd32f30x_xd.o(.text)
    EXTI10_15_IRQHandler                     0x0800015f   Thumb Code     0  startup_gd32f30x_xd.o(.text)
    EXTI1_IRQHandler                         0x0800015f   Thumb Code     0  startup_gd32f30x_xd.o(.text)
    EXTI2_IRQHandler                         0x0800015f   Thumb Code     0  startup_gd32f30x_xd.o(.text)
    EXTI3_IRQHandler                         0x0800015f   Thumb Code     0  startup_gd32f30x_xd.o(.text)
    EXTI4_IRQHandler                         0x0800015f   Thumb Code     0  startup_gd32f30x_xd.o(.text)
    EXTI5_9_IRQHandler                       0x0800015f   Thumb Code     0  startup_gd32f30x_xd.o(.text)
    FMC_IRQHandler                           0x0800015f   Thumb Code     0  startup_gd32f30x_xd.o(.text)
    I2C0_ER_IRQHandler                       0x0800015f   Thumb Code     0  startup_gd32f30x_xd.o(.text)
    I2C0_EV_IRQHandler                       0x0800015f   Thumb Code     0  startup_gd32f30x_xd.o(.text)
    I2C1_ER_IRQHandler                       0x0800015f   Thumb Code     0  startup_gd32f30x_xd.o(.text)
    I2C1_EV_IRQHandler                       0x0800015f   Thumb Code     0  startup_gd32f30x_xd.o(.text)
    LVD_IRQHandler                           0x0800015f   Thumb Code     0  startup_gd32f30x_xd.o(.text)
    RCU_CTC_IRQHandler                       0x0800015f   Thumb Code     0  startup_gd32f30x_xd.o(.text)
    RTC_Alarm_IRQHandler                     0x0800015f   Thumb Code     0  startup_gd32f30x_xd.o(.text)
    RTC_IRQHandler                           0x0800015f   Thumb Code     0  startup_gd32f30x_xd.o(.text)
    SDIO_IRQHandler                          0x0800015f   Thumb Code     0  startup_gd32f30x_xd.o(.text)
    SPI0_IRQHandler                          0x0800015f   Thumb Code     0  startup_gd32f30x_xd.o(.text)
    SPI1_IRQHandler                          0x0800015f   Thumb Code     0  startup_gd32f30x_xd.o(.text)
    SPI2_IRQHandler                          0x0800015f   Thumb Code     0  startup_gd32f30x_xd.o(.text)
    TAMPER_IRQHandler                        0x0800015f   Thumb Code     0  startup_gd32f30x_xd.o(.text)
    TIMER0_BRK_TIMER8_IRQHandler             0x0800015f   Thumb Code     0  startup_gd32f30x_xd.o(.text)
    TIMER0_Channel_IRQHandler                0x0800015f   Thumb Code     0  startup_gd32f30x_xd.o(.text)
    TIMER0_TRG_CMT_TIMER10_IRQHandler        0x0800015f   Thumb Code     0  startup_gd32f30x_xd.o(.text)
    TIMER0_UP_TIMER9_IRQHandler              0x0800015f   Thumb Code     0  startup_gd32f30x_xd.o(.text)
    TIMER1_IRQHandler                        0x0800015f   Thumb Code     0  startup_gd32f30x_xd.o(.text)
    TIMER3_IRQHandler                        0x0800015f   Thumb Code     0  startup_gd32f30x_xd.o(.text)
    TIMER4_IRQHandler                        0x0800015f   Thumb Code     0  startup_gd32f30x_xd.o(.text)
    TIMER5_IRQHandler                        0x0800015f   Thumb Code     0  startup_gd32f30x_xd.o(.text)
    TIMER6_IRQHandler                        0x0800015f   Thumb Code     0  startup_gd32f30x_xd.o(.text)
    TIMER7_BRK_TIMER11_IRQHandler            0x0800015f   Thumb Code     0  startup_gd32f30x_xd.o(.text)
    TIMER7_Channel_IRQHandler                0x0800015f   Thumb Code     0  startup_gd32f30x_xd.o(.text)
    TIMER7_TRG_CMT_TIMER13_IRQHandler        0x0800015f   Thumb Code     0  startup_gd32f30x_xd.o(.text)
    TIMER7_UP_TIMER12_IRQHandler             0x0800015f   Thumb Code     0  startup_gd32f30x_xd.o(.text)
    UART3_IRQHandler                         0x0800015f   Thumb Code     0  startup_gd32f30x_xd.o(.text)
    UART4_IRQHandler                         0x0800015f   Thumb Code     0  startup_gd32f30x_xd.o(.text)
    USART2_IRQHandler                        0x0800015f   Thumb Code     0  startup_gd32f30x_xd.o(.text)
    USBD_HP_CAN0_TX_IRQHandler               0x0800015f   Thumb Code     0  startup_gd32f30x_xd.o(.text)
    USBD_LP_CAN0_RX0_IRQHandler              0x0800015f   Thumb Code     0  startup_gd32f30x_xd.o(.text)
    USBD_WKUP_IRQHandler                     0x0800015f   Thumb Code     0  startup_gd32f30x_xd.o(.text)
    WWDGT_IRQHandler                         0x0800015f   Thumb Code     0  startup_gd32f30x_xd.o(.text)
    __aeabi_dadd                             0x08000169   Thumb Code   322  dadd.o(.text)
    __aeabi_dsub                             0x080002ab   Thumb Code     6  dadd.o(.text)
    __aeabi_drsub                            0x080002b1   Thumb Code     6  dadd.o(.text)
    __aeabi_dmul                             0x080002b7   Thumb Code   228  dmul.o(.text)
    __aeabi_dcmplt                           0x0800039b   Thumb Code    54  dcmplt.o(.text)
    __aeabi_dcmpgt                           0x080003d1   Thumb Code    54  dcmpgt.o(.text)
    __aeabi_ui2d                             0x08000407   Thumb Code    26  dfltui.o(.text)
    __aeabi_d2uiz                            0x08000421   Thumb Code    50  dfixui.o(.text)
    __aeabi_uidiv                            0x08000453   Thumb Code     0  uidiv.o(.text)
    __aeabi_uidivmod                         0x08000453   Thumb Code    44  uidiv.o(.text)
    __aeabi_uldivmod                         0x0800047f   Thumb Code    98  uldiv.o(.text)
    __aeabi_llsl                             0x080004e1   Thumb Code    30  llshl.o(.text)
    _ll_shift_l                              0x080004e1   Thumb Code     0  llshl.o(.text)
    __aeabi_llsr                             0x080004ff   Thumb Code    32  llushr.o(.text)
    _ll_ushift_r                             0x080004ff   Thumb Code     0  llushr.o(.text)
    __aeabi_lasr                             0x0800051f   Thumb Code    36  llsshr.o(.text)
    _ll_sshift_r                             0x0800051f   Thumb Code     0  llsshr.o(.text)
    __I$use$fp                               0x08000543   Thumb Code     0  iusefp.o(.text)
    _double_round                            0x08000543   Thumb Code    30  depilogue.o(.text)
    _double_epilogue                         0x08000561   Thumb Code   156  depilogue.o(.text)
    __aeabi_ddiv                             0x080005fd   Thumb Code   222  ddiv.o(.text)
    __ARM_scalbn                             0x080006db   Thumb Code    46  dscalb.o(.text)
    scalbn                                   0x080006db   Thumb Code     0  dscalb.o(.text)
    __aeabi_i2d                              0x08000709   Thumb Code    34  dflti.o(.text)
    __aeabi_d2ulz                            0x0800072b   Thumb Code    48  dfixul.o(.text)
    __aeabi_cdrcmple                         0x0800075d   Thumb Code    48  cdrcmple.o(.text)
    __scatterload                            0x0800078d   Thumb Code    38  init.o(.text)
    __scatterload_rt2                        0x0800078d   Thumb Code     0  init.o(.text)
    _dsqrt                                   0x080007bd   Thumb Code   162  dsqrt.o(.text)
    BusFault_Handler                         0x08000861   Thumb Code     4  gd32f30x_it.o(.text.BusFault_Handler)
    CH1_GEAR_task                            0x08000865   Thumb Code   366  main.o(.text.CH1_GEAR_task)
    CH1_OFFSET_task                          0x080009d5   Thumb Code   552  main.o(.text.CH1_OFFSET_task)
    CH2_GEAR_task                            0x08000bfd   Thumb Code   364  main.o(.text.CH2_GEAR_task)
    CH2_OFFSET_task                          0x08000d69   Thumb Code   546  main.o(.text.CH2_OFFSET_task)
    CURSOR_X1_task                           0x08000f8d   Thumb Code   258  main.o(.text.CURSOR_X1_task)
    CURSOR_X2_task                           0x08001091   Thumb Code   258  main.o(.text.CURSOR_X2_task)
    CURSOR_Y1_task                           0x08001195   Thumb Code   258  main.o(.text.CURSOR_Y1_task)
    CURSOR_Y2_task                           0x08001299   Thumb Code   254  main.o(.text.CURSOR_Y2_task)
    DAC_ATT_task                             0x08001399   Thumb Code   292  main.o(.text.DAC_ATT_task)
    DAC_FREQ_task                            0x080014c1   Thumb Code   888  main.o(.text.DAC_FREQ_task)
    DAC_WAVE_task                            0x08001851   Thumb Code   294  main.o(.text.DAC_WAVE_task)
    DebugMon_Handler                         0x08001979   Thumb Code     2  gd32f30x_it.o(.text.DebugMon_Handler)
    HardFault_Handler                        0x0800197d   Thumb Code     4  gd32f30x_it.o(.text.HardFault_Handler)
    I2C_Init                                 0x08001981   Thumb Code    56  iic.o(.text.I2C_Init)
    MemManage_Handler                        0x08001b41   Thumb Code     4  gd32f30x_it.o(.text.MemManage_Handler)
    NMI_Handler                              0x08001b45   Thumb Code     2  gd32f30x_it.o(.text.NMI_Handler)
    PendSV_Handler                           0x08001b49   Thumb Code     2  gd32f30x_it.o(.text.PendSV_Handler)
    SPI_ReadRegister                         0x08001b4d   Thumb Code   180  spi.o(.text.SPI_ReadRegister)
    SPI_WriteRegister                        0x08001c01   Thumb Code   188  spi.o(.text.SPI_WriteRegister)
    SVC_Handler                              0x08001cbd   Thumb Code     2  gd32f30x_it.o(.text.SVC_Handler)
    SysTick_Handler                          0x08001cc1   Thumb Code     2  gd32f30x_it.o(.text.SysTick_Handler)
    SystemInit                               0x08001cc5   Thumb Code   224  system_gd32f30x.o(.text.SystemInit)
    TIMER2_IRQHandler                        0x08001da5   Thumb Code  1202  timer.o(.text.TIMER2_IRQHandler)
    TIME_GEAR_task                           0x08002259   Thumb Code  1258  main.o(.text.TIME_GEAR_task)
    TIME_OFFSET_task                         0x08002745   Thumb Code   526  main.o(.text.TIME_OFFSET_task)
    TRIG_CH_task                             0x08002955   Thumb Code   284  main.o(.text.TRIG_CH_task)
    TRIG_EDGE_task                           0x08002a71   Thumb Code   286  main.o(.text.TRIG_EDGE_task)
    TRIG_LEVEL_task                          0x08002b91   Thumb Code   564  main.o(.text.TRIG_LEVEL_task)
    USART0_IRQHandler                        0x08002dc5   Thumb Code   142  uart.o(.text.USART0_IRQHandler)
    USART1_IRQHandler                        0x08002e55   Thumb Code   142  uart.o(.text.USART1_IRQHandler)
    UsageFault_Handler                       0x08002ee5   Thumb Code     4  gd32f30x_it.o(.text.UsageFault_Handler)
    bsp_spi_init                             0x08002ee9   Thumb Code   184  spi.o(.text.bsp_spi_init)
    ctrl_init                                0x08002fa1   Thumb Code   138  platform.o(.text.ctrl_init)
    delay_ms                                 0x0800302d   Thumb Code   152  systick.o(.text.delay_ms)
    delay_us                                 0x080030c5   Thumb Code   152  systick.o(.text.delay_us)
    fputc                                    0x0800315d   Thumb Code    22  uart.o(.text.fputc)
    gpio_bit_reset                           0x08003175   Thumb Code    16  gd32f30x_gpio.o(.text.gpio_bit_reset)
    gpio_bit_set                             0x08003185   Thumb Code    16  gd32f30x_gpio.o(.text.gpio_bit_set)
    gpio_init                                0x08003195   Thumb Code   388  gd32f30x_gpio.o(.text.gpio_init)
    gpio_input_bit_get                       0x08003319   Thumb Code    42  gd32f30x_gpio.o(.text.gpio_input_bit_get)
    gpio_pin_remap_config                    0x08003345   Thumb Code   250  gd32f30x_gpio.o(.text.gpio_pin_remap_config)
    main                                     0x08003441   Thumb Code   102  main.o(.text.main)
    mcp4728_write_all_channel                0x080034a9   Thumb Code   236  iic.o(.text.mcp4728_write_all_channel)
    nvic_irq_enable                          0x08003595   Thumb Code   296  gd32f30x_misc.o(.text.nvic_irq_enable)
    nvic_priority_group_set                  0x080036bd   Thumb Code    28  gd32f30x_misc.o(.text.nvic_priority_group_set)
    object_task                              0x080036d9   Thumb Code   852  main.o(.text.object_task)
    rcu_clock_freq_get                       0x08003a2d   Thumb Code   494  gd32f30x_rcu.o(.text.rcu_clock_freq_get)
    rcu_periph_clock_enable                  0x08003c1d   Thumb Code    40  gd32f30x_rcu.o(.text.rcu_periph_clock_enable)
    rcu_periph_reset_disable                 0x08003c45   Thumb Code    40  gd32f30x_rcu.o(.text.rcu_periph_reset_disable)
    rcu_periph_reset_enable                  0x08003c6d   Thumb Code    40  gd32f30x_rcu.o(.text.rcu_periph_reset_enable)
    spi_enable                               0x08003c95   Thumb Code    18  gd32f30x_spi.o(.text.spi_enable)
    spi_i2s_data_receive                     0x08003ca9   Thumb Code    14  gd32f30x_spi.o(.text.spi_i2s_data_receive)
    spi_i2s_data_transmit                    0x08003cb9   Thumb Code    20  gd32f30x_spi.o(.text.spi_i2s_data_transmit)
    spi_i2s_flag_get                         0x08003ccd   Thumb Code    42  gd32f30x_spi.o(.text.spi_i2s_flag_get)
    spi_init                                 0x08003cf9   Thumb Code   114  gd32f30x_spi.o(.text.spi_init)
    systick_clksource_set                    0x08003ee9   Thumb Code    52  gd32f30x_misc.o(.text.systick_clksource_set)
    systick_config                           0x08003f1d   Thumb Code    72  systick.o(.text.systick_config)
    timer2_init                              0x08003f6d   Thumb Code    94  timer.o(.text.timer2_init)
    timer_enable                             0x08003fcd   Thumb Code    18  gd32f30x_timer.o(.text.timer_enable)
    timer_init                               0x08003fe1   Thumb Code   260  gd32f30x_timer.o(.text.timer_init)
    timer_interrupt_enable                   0x080040e5   Thumb Code    20  gd32f30x_timer.o(.text.timer_interrupt_enable)
    timer_interrupt_flag_clear               0x080040f9   Thumb Code    18  gd32f30x_timer.o(.text.timer_interrupt_flag_clear)
    timer_interrupt_flag_get                 0x0800410d   Thumb Code    58  gd32f30x_timer.o(.text.timer_interrupt_flag_get)
    timer_struct_para_init                   0x08004149   Thumb Code    38  gd32f30x_timer.o(.text.timer_struct_para_init)
    update_ch_gear                           0x08004171   Thumb Code   654  platform.o(.text.update_ch_gear)
    update_reg                               0x08004401   Thumb Code   848  platform.o(.text.update_reg)
    usart_baudrate_set                       0x08004759   Thumb Code   202  gd32f30x_usart.o(.text.usart_baudrate_set)
    usart_data_receive                       0x08004825   Thumb Code    16  gd32f30x_usart.o(.text.usart_data_receive)
    usart_data_transmit                      0x08004835   Thumb Code    24  gd32f30x_usart.o(.text.usart_data_transmit)
    usart_deinit                             0x0800484d   Thumb Code   184  gd32f30x_usart.o(.text.usart_deinit)
    usart_enable                             0x08004905   Thumb Code    18  gd32f30x_usart.o(.text.usart_enable)
    usart_flag_get                           0x08004919   Thumb Code    58  gd32f30x_usart.o(.text.usart_flag_get)
    usart_init                               0x08004955   Thumb Code   156  uart.o(.text.usart_init)
    usart_interrupt_enable                   0x080049f1   Thumb Code    36  gd32f30x_usart.o(.text.usart_interrupt_enable)
    usart_interrupt_flag_get                 0x08004a15   Thumb Code    94  gd32f30x_usart.o(.text.usart_interrupt_flag_get)
    usart_parity_config                      0x08004a75   Thumb Code    30  gd32f30x_usart.o(.text.usart_parity_config)
    usart_receive_config                     0x08004a95   Thumb Code    34  gd32f30x_usart.o(.text.usart_receive_config)
    usart_send_data                          0x08004ab9   Thumb Code    50  uart.o(.text.usart_send_data)
    usart_stop_bit_set                       0x08004aed   Thumb Code    30  gd32f30x_usart.o(.text.usart_stop_bit_set)
    usart_transmit_config                    0x08004b0d   Thumb Code    34  gd32f30x_usart.o(.text.usart_transmit_config)
    usart_word_length_set                    0x08004b31   Thumb Code    30  gd32f30x_usart.o(.text.usart_word_length_set)
    __0printf                                0x08004b51   Thumb Code    22  printfa.o(i.__0printf)
    __1printf                                0x08004b51   Thumb Code     0  printfa.o(i.__0printf)
    __2printf                                0x08004b51   Thumb Code     0  printfa.o(i.__0printf)
    __c89printf                              0x08004b51   Thumb Code     0  printfa.o(i.__0printf)
    printf                                   0x08004b51   Thumb Code     0  printfa.o(i.__0printf)
    __ARM_fpclassify                         0x08004b71   Thumb Code    48  fpclassify.o(i.__ARM_fpclassify)
    __hardfp_pow                             0x08004ba1   Thumb Code  3088  pow.o(i.__hardfp_pow)
    __kernel_poly                            0x08005801   Thumb Code   248  poly.o(i.__kernel_poly)
    __mathlib_dbl_divzero                    0x080058f9   Thumb Code    28  dunder.o(i.__mathlib_dbl_divzero)
    __mathlib_dbl_infnan2                    0x08005929   Thumb Code    20  dunder.o(i.__mathlib_dbl_infnan2)
    __mathlib_dbl_invalid                    0x08005941   Thumb Code    24  dunder.o(i.__mathlib_dbl_invalid)
    __mathlib_dbl_overflow                   0x08005961   Thumb Code    24  dunder.o(i.__mathlib_dbl_overflow)
    __mathlib_dbl_underflow                  0x08005981   Thumb Code    24  dunder.o(i.__mathlib_dbl_underflow)
    __scatterload_copy                       0x080059a1   Thumb Code    14  handlers.o(i.__scatterload_copy)
    __scatterload_null                       0x080059af   Thumb Code     2  handlers.o(i.__scatterload_null)
    __scatterload_zeroinit                   0x080059b1   Thumb Code    14  handlers.o(i.__scatterload_zeroinit)
    __set_errno                              0x080059c1   Thumb Code     6  errno.o(i.__set_errno)
    fabs                                     0x0800627f   Thumb Code    24  fabs.o(i.fabs)
    sqrt                                     0x08006297   Thumb Code   110  sqrt.o(i.sqrt)
    __mathlib_zero                           0x08006390   Data           8  qnan.o(.constdata)
    Region$$Table$$Base                      0x080063a4   Number         0  anon$$obj.o(Region$$Table)
    Region$$Table$$Limit                     0x080063c4   Number         0  anon$$obj.o(Region$$Table)
    __stdout                                 0x20000000   Data           4  stdout.o(.data)
    SystemCoreClock                          0x20000008   Data           4  system_gd32f30x.o(.data.SystemCoreClock)
    adjust                                   0x20000014   Data           1  platform.o(.data.adjust)
    ch1_cali                                 0x20000016   Data          60  platform.o(.data.ch1_cali)
    ch1_gear                                 0x20000052   Data           2  platform.o(.data.ch1_gear)
    ch1_offset                               0x20000054   Data           2  platform.o(.data.ch1_offset)
    ch1_on                                   0x20000056   Data           1  platform.o(.data.ch1_on)
    ch2_cali                                 0x20000058   Data          60  platform.o(.data.ch2_cali)
    ch2_gear                                 0x20000094   Data           2  platform.o(.data.ch2_gear)
    ch2_offset                               0x20000096   Data           2  platform.o(.data.ch2_offset)
    ch2_on                                   0x20000098   Data           1  platform.o(.data.ch2_on)
    dac_freq                                 0x2000009c   Data           4  platform.o(.data.dac_freq)
    stop                                     0x200000a0   Data           1  platform.o(.data.stop)
    time_gear                                0x200000a2   Data           2  platform.o(.data.time_gear)
    time_step                                0x200000a4   Data           2  platform.o(.data.time_step)
    trig_level                               0x200000a6   Data           1  platform.o(.data.trig_level)
    EC11_flag1                               0x200000a9   Data           1  platform.o(.bss.EC11_flag1)
    EC11_flag2                               0x200000aa   Data           1  platform.o(.bss.EC11_flag2)
    acdc                                     0x200000ab   Data           1  platform.o(.bss.acdc)
    ch                                       0x200000ac   Data           1  platform.o(.bss.ch)
    ch1_att                                  0x200000ad   Data           1  platform.o(.bss.ch1_att)
    ch1_gear_now                             0x200000ae   Data           6  platform.o(.bss.ch1_gear_now)
    ch2_att                                  0x200000b4   Data           1  platform.o(.bss.ch2_att)
    ch2_gear_now                             0x200000b6   Data           6  platform.o(.bss.ch2_gear_now)
    cursor_mode                              0x200000c4   Data           1  platform.o(.bss.cursor_mode)
    dac_att                                  0x200000c5   Data           1  platform.o(.bss.dac_att)
    dac_wave                                 0x200000c6   Data           1  platform.o(.bss.dac_wave)
    key                                      0x200000c8   Data         200  platform.o(.bss.key)
    number_ch                                0x20000190   Data           2  platform.o(.bss.number_ch)
    object                                   0x20000192   Data           1  platform.o(.bss.object)
    poff                                     0x20000194   Data           4  platform.o(.bss.poff)
    reg                                      0x20000198   Data          64  platform.o(.bss.reg)
    time_offset                              0x200001d8   Data           2  platform.o(.bss.time_offset)
    trig_ch                                  0x200001da   Data           1  platform.o(.bss.trig_ch)
    trig_edge                                0x200001db   Data           1  platform.o(.bss.trig_edge)
    trig_mode                                0x200001dc   Data           1  platform.o(.bss.trig_mode)
    usart0_recv_buff                         0x200001dd   Data         256  uart.o(.bss.usart0_recv_buff)
    usart0_recv_complete_flag                0x200002dd   Data           1  uart.o(.bss.usart0_recv_complete_flag)
    usart0_recv_length                       0x200002de   Data           2  uart.o(.bss.usart0_recv_length)
    usart1_recv_buff                         0x200002e0   Data         256  uart.o(.bss.usart1_recv_buff)
    usart1_recv_complete_flag                0x200003e0   Data           1  uart.o(.bss.usart1_recv_complete_flag)
    usart1_recv_length                       0x200003e2   Data           2  uart.o(.bss.usart1_recv_length)
    x1                                       0x200003e4   Data           2  platform.o(.bss.x1)
    x2                                       0x200003e6   Data           2  platform.o(.bss.x2)
    y1                                       0x200003e8   Data           2  platform.o(.bss.y1)
    y2                                       0x200003ea   Data           2  platform.o(.bss.y2)
    __initial_sp                             0x200007f0   Data           0  startup_gd32f30x_xd.o(STACK)



==============================================================================

Memory Map of the image

  Image Entry point : 0x08000131

  Load Region LR_IROM1 (Base: 0x08000000, Size: 0x00006470, Max: 0x00020000, ABSOLUTE)

    Execution Region ER_IROM1 (Exec base: 0x08000000, Load base: 0x08000000, Size: 0x000063c4, Max: 0x00020000, ABSOLUTE)

    Exec Addr    Load Addr    Size         Type   Attr      Idx    E Section Name        Object

    0x08000000   0x08000000   0x00000130   Data   RO         1457    RESET               startup_gd32f30x_xd.o
    0x08000130   0x08000130   0x00000000   Code   RO         1634  * .ARM.Collect$$$$00000000  mc_w.l(entry.o)
    0x08000130   0x08000130   0x00000004   Code   RO         1708    .ARM.Collect$$$$00000001  mc_w.l(entry2.o)
    0x08000134   0x08000134   0x00000004   Code   RO         1711    .ARM.Collect$$$$00000004  mc_w.l(entry5.o)
    0x08000138   0x08000138   0x00000000   Code   RO         1713    .ARM.Collect$$$$00000008  mc_w.l(entry7b.o)
    0x08000138   0x08000138   0x00000000   Code   RO         1715    .ARM.Collect$$$$0000000A  mc_w.l(entry8b.o)
    0x08000138   0x08000138   0x00000008   Code   RO         1716    .ARM.Collect$$$$0000000B  mc_w.l(entry9a.o)
    0x08000140   0x08000140   0x00000000   Code   RO         1718    .ARM.Collect$$$$0000000D  mc_w.l(entry10a.o)
    0x08000140   0x08000140   0x00000000   Code   RO         1720    .ARM.Collect$$$$0000000F  mc_w.l(entry11a.o)
    0x08000140   0x08000140   0x00000004   Code   RO         1709    .ARM.Collect$$$$00002712  mc_w.l(entry2.o)
    0x08000144   0x08000144   0x00000024   Code   RO         1458    .text               startup_gd32f30x_xd.o
    0x08000168   0x08000168   0x0000014e   Code   RO         1665    .text               mf_w.l(dadd.o)
    0x080002b6   0x080002b6   0x000000e4   Code   RO         1667    .text               mf_w.l(dmul.o)
    0x0800039a   0x0800039a   0x00000036   Code   RO         1669    .text               mf_w.l(dcmplt.o)
    0x080003d0   0x080003d0   0x00000036   Code   RO         1671    .text               mf_w.l(dcmpgt.o)
    0x08000406   0x08000406   0x0000001a   Code   RO         1673    .text               mf_w.l(dfltui.o)
    0x08000420   0x08000420   0x00000032   Code   RO         1675    .text               mf_w.l(dfixui.o)
    0x08000452   0x08000452   0x0000002c   Code   RO         1732    .text               mc_w.l(uidiv.o)
    0x0800047e   0x0800047e   0x00000062   Code   RO         1734    .text               mc_w.l(uldiv.o)
    0x080004e0   0x080004e0   0x0000001e   Code   RO         1736    .text               mc_w.l(llshl.o)
    0x080004fe   0x080004fe   0x00000020   Code   RO         1738    .text               mc_w.l(llushr.o)
    0x0800051e   0x0800051e   0x00000024   Code   RO         1740    .text               mc_w.l(llsshr.o)
    0x08000542   0x08000542   0x00000000   Code   RO         1749    .text               mc_w.l(iusefp.o)
    0x08000542   0x08000542   0x000000ba   Code   RO         1750    .text               mf_w.l(depilogue.o)
    0x080005fc   0x080005fc   0x000000de   Code   RO         1752    .text               mf_w.l(ddiv.o)
    0x080006da   0x080006da   0x0000002e   Code   RO         1756    .text               mf_w.l(dscalb.o)
    0x08000708   0x08000708   0x00000022   Code   RO         1758    .text               mf_w.l(dflti.o)
    0x0800072a   0x0800072a   0x00000030   Code   RO         1760    .text               mf_w.l(dfixul.o)
    0x0800075a   0x0800075a   0x00000002   PAD
    0x0800075c   0x0800075c   0x00000030   Code   RO         1762    .text               mf_w.l(cdrcmple.o)
    0x0800078c   0x0800078c   0x00000030   Code   RO         1764    .text               mc_w.l(init.o)
    0x080007bc   0x080007bc   0x000000a2   Code   RO         1766    .text               mf_w.l(dsqrt.o)
    0x0800085e   0x0800085e   0x00000002   PAD
    0x08000860   0x08000860   0x00000004   Code   RO            8    .text.BusFault_Handler  gd32f30x_it.o
    0x08000864   0x08000864   0x0000016e   Code   RO           37    .text.CH1_GEAR_task  main.o
    0x080009d2   0x080009d2   0x00000002   PAD
    0x080009d4   0x080009d4   0x00000228   Code   RO           39    .text.CH1_OFFSET_task  main.o
    0x08000bfc   0x08000bfc   0x0000016c   Code   RO           41    .text.CH2_GEAR_task  main.o
    0x08000d68   0x08000d68   0x00000222   Code   RO           43    .text.CH2_OFFSET_task  main.o
    0x08000f8a   0x08000f8a   0x00000002   PAD
    0x08000f8c   0x08000f8c   0x00000102   Code   RO           55    .text.CURSOR_X1_task  main.o
    0x0800108e   0x0800108e   0x00000002   PAD
    0x08001090   0x08001090   0x00000102   Code   RO           57    .text.CURSOR_X2_task  main.o
    0x08001192   0x08001192   0x00000002   PAD
    0x08001194   0x08001194   0x00000102   Code   RO           59    .text.CURSOR_Y1_task  main.o
    0x08001296   0x08001296   0x00000002   PAD
    0x08001298   0x08001298   0x000000fe   Code   RO           61    .text.CURSOR_Y2_task  main.o
    0x08001396   0x08001396   0x00000002   PAD
    0x08001398   0x08001398   0x00000124   Code   RO           53    .text.DAC_ATT_task  main.o
    0x080014bc   0x080014bc   0x00000004   PAD
    0x080014c0   0x080014c0   0x00000390   Code   RO           51    .text.DAC_FREQ_task  main.o
    0x08001850   0x08001850   0x00000126   Code   RO           49    .text.DAC_WAVE_task  main.o
    0x08001976   0x08001976   0x00000002   PAD
    0x08001978   0x08001978   0x00000002   Code   RO           14    .text.DebugMon_Handler  gd32f30x_it.o
    0x0800197a   0x0800197a   0x00000002   PAD
    0x0800197c   0x0800197c   0x00000004   Code   RO            4    .text.HardFault_Handler  gd32f30x_it.o
    0x08001980   0x08001980   0x00000038   Code   RO         1511    .text.I2C_Init      iic.o
    0x080019b8   0x080019b8   0x0000004a   Code   RO         1549    .text.IIC_RecvACK   iic.o
    0x08001a02   0x08001a02   0x00000002   PAD
    0x08001a04   0x08001a04   0x000000aa   Code   RO         1529    .text.IIC_SendByte  iic.o
    0x08001aae   0x08001aae   0x00000002   PAD
    0x08001ab0   0x08001ab0   0x00000046   Code   RO         1527    .text.IIC_Start_MCP4728  iic.o
    0x08001af6   0x08001af6   0x00000002   PAD
    0x08001af8   0x08001af8   0x00000046   Code   RO         1515    .text.IIC_Stop      iic.o
    0x08001b3e   0x08001b3e   0x00000002   PAD
    0x08001b40   0x08001b40   0x00000004   Code   RO            6    .text.MemManage_Handler  gd32f30x_it.o
    0x08001b44   0x08001b44   0x00000002   Code   RO            2    .text.NMI_Handler   gd32f30x_it.o
    0x08001b46   0x08001b46   0x00000002   PAD
    0x08001b48   0x08001b48   0x00000002   Code   RO           16    .text.PendSV_Handler  gd32f30x_it.o
    0x08001b4a   0x08001b4a   0x00000002   PAD
    0x08001b4c   0x08001b4c   0x000000b4   Code   RO         1502    .text.SPI_ReadRegister  spi.o
    0x08001c00   0x08001c00   0x000000bc   Code   RO         1500    .text.SPI_WriteRegister  spi.o
    0x08001cbc   0x08001cbc   0x00000002   Code   RO           12    .text.SVC_Handler   gd32f30x_it.o
    0x08001cbe   0x08001cbe   0x00000002   PAD
    0x08001cc0   0x08001cc0   0x00000002   Code   RO           18    .text.SysTick_Handler  gd32f30x_it.o
    0x08001cc2   0x08001cc2   0x00000002   PAD
    0x08001cc4   0x08001cc4   0x000000e0   Code   RO         1439    .text.SystemInit    system_gd32f30x.o
    0x08001da4   0x08001da4   0x000004b2   Code   RO         1560    .text.TIMER2_IRQHandler  timer.o
    0x08002256   0x08002256   0x00000002   PAD
    0x08002258   0x08002258   0x000004ea   Code   RO           45    .text.TIME_GEAR_task  main.o
    0x08002742   0x08002742   0x00000002   PAD
    0x08002744   0x08002744   0x0000020e   Code   RO           47    .text.TIME_OFFSET_task  main.o
    0x08002952   0x08002952   0x00000002   PAD
    0x08002954   0x08002954   0x0000011c   Code   RO           31    .text.TRIG_CH_task  main.o
    0x08002a70   0x08002a70   0x0000011e   Code   RO           33    .text.TRIG_EDGE_task  main.o
    0x08002b8e   0x08002b8e   0x00000002   PAD
    0x08002b90   0x08002b90   0x00000234   Code   RO           35    .text.TRIG_LEVEL_task  main.o
    0x08002dc4   0x08002dc4   0x0000008e   Code   RO         1479    .text.USART0_IRQHandler  uart.o
    0x08002e52   0x08002e52   0x00000002   PAD
    0x08002e54   0x08002e54   0x0000008e   Code   RO         1471    .text.USART1_IRQHandler  uart.o
    0x08002ee2   0x08002ee2   0x00000002   PAD
    0x08002ee4   0x08002ee4   0x00000004   Code   RO           10    .text.UsageFault_Handler  gd32f30x_it.o
    0x08002ee8   0x08002ee8   0x000000b8   Code   RO         1498    .text.bsp_spi_init  spi.o
    0x08002fa0   0x08002fa0   0x0000008a   Code   RO         1579    .text.ctrl_init     platform.o
    0x0800302a   0x0800302a   0x00000002   PAD
    0x0800302c   0x0800302c   0x00000098   Code   RO           81    .text.delay_ms      systick.o
    0x080030c4   0x080030c4   0x00000098   Code   RO           77    .text.delay_us      systick.o
    0x0800315c   0x0800315c   0x00000016   Code   RO         1483    .text.fputc         uart.o
    0x08003172   0x08003172   0x00000002   PAD
    0x08003174   0x08003174   0x00000010   Code   RO          679    .text.gpio_bit_reset  gd32f30x_gpio.o
    0x08003184   0x08003184   0x00000010   Code   RO          677    .text.gpio_bit_set  gd32f30x_gpio.o
    0x08003194   0x08003194   0x00000184   Code   RO          675    .text.gpio_init     gd32f30x_gpio.o
    0x08003318   0x08003318   0x0000002a   Code   RO          685    .text.gpio_input_bit_get  gd32f30x_gpio.o
    0x08003342   0x08003342   0x00000002   PAD
    0x08003344   0x08003344   0x000000fa   Code   RO          693    .text.gpio_pin_remap_config  gd32f30x_gpio.o
    0x0800343e   0x0800343e   0x00000002   PAD
    0x08003440   0x08003440   0x00000066   Code   RO           29    .text.main          main.o
    0x080034a6   0x080034a6   0x00000002   PAD
    0x080034a8   0x080034a8   0x000000ec   Code   RO         1543    .text.mcp4728_write_all_channel  iic.o
    0x08003594   0x08003594   0x00000128   Code   RO          787    .text.nvic_irq_enable  gd32f30x_misc.o
    0x080036bc   0x080036bc   0x0000001c   Code   RO          785    .text.nvic_priority_group_set  gd32f30x_misc.o
    0x080036d8   0x080036d8   0x00000354   Code   RO           27    .text.object_task   main.o
    0x08003a2c   0x08003a2c   0x000001ee   Code   RO          920    .text.rcu_clock_freq_get  gd32f30x_rcu.o
    0x08003c1a   0x08003c1a   0x00000002   PAD
    0x08003c1c   0x08003c1c   0x00000028   Code   RO          858    .text.rcu_periph_clock_enable  gd32f30x_rcu.o
    0x08003c44   0x08003c44   0x00000028   Code   RO          868    .text.rcu_periph_reset_disable  gd32f30x_rcu.o
    0x08003c6c   0x08003c6c   0x00000028   Code   RO          866    .text.rcu_periph_reset_enable  gd32f30x_rcu.o
    0x08003c94   0x08003c94   0x00000012   Code   RO         1079    .text.spi_enable    gd32f30x_spi.o
    0x08003ca6   0x08003ca6   0x00000002   PAD
    0x08003ca8   0x08003ca8   0x0000000e   Code   RO         1107    .text.spi_i2s_data_receive  gd32f30x_spi.o
    0x08003cb6   0x08003cb6   0x00000002   PAD
    0x08003cb8   0x08003cb8   0x00000014   Code   RO         1105    .text.spi_i2s_data_transmit  gd32f30x_spi.o
    0x08003ccc   0x08003ccc   0x0000002a   Code   RO         1153    .text.spi_i2s_flag_get  gd32f30x_spi.o
    0x08003cf6   0x08003cf6   0x00000002   PAD
    0x08003cf8   0x08003cf8   0x00000072   Code   RO         1077    .text.spi_init      gd32f30x_spi.o
    0x08003d6a   0x08003d6a   0x00000002   PAD
    0x08003d6c   0x08003d6c   0x00000174   Code   RO         1445    .text.system_clock_120m_hxtal  system_gd32f30x.o
    0x08003ee0   0x08003ee0   0x00000008   Code   RO         1441    .text.system_clock_config  system_gd32f30x.o
    0x08003ee8   0x08003ee8   0x00000034   Code   RO          797    .text.systick_clksource_set  gd32f30x_misc.o
    0x08003f1c   0x08003f1c   0x00000050   Code   RO           73    .text.systick_config  systick.o
    0x08003f6c   0x08003f6c   0x0000005e   Code   RO         1558    .text.timer2_init   timer.o
    0x08003fca   0x08003fca   0x00000002   PAD
    0x08003fcc   0x08003fcc   0x00000012   Code   RO         1168    .text.timer_enable  gd32f30x_timer.o
    0x08003fde   0x08003fde   0x00000002   PAD
    0x08003fe0   0x08003fe0   0x00000104   Code   RO         1166    .text.timer_init    gd32f30x_timer.o
    0x080040e4   0x080040e4   0x00000014   Code   RO         1202    .text.timer_interrupt_enable  gd32f30x_timer.o
    0x080040f8   0x080040f8   0x00000012   Code   RO         1208    .text.timer_interrupt_flag_clear  gd32f30x_timer.o
    0x0800410a   0x0800410a   0x00000002   PAD
    0x0800410c   0x0800410c   0x0000003a   Code   RO         1206    .text.timer_interrupt_flag_get  gd32f30x_timer.o
    0x08004146   0x08004146   0x00000002   PAD
    0x08004148   0x08004148   0x00000026   Code   RO         1164    .text.timer_struct_para_init  gd32f30x_timer.o
    0x0800416e   0x0800416e   0x00000002   PAD
    0x08004170   0x08004170   0x0000028e   Code   RO         1581    .text.update_ch_gear  platform.o
    0x080043fe   0x080043fe   0x00000002   PAD
    0x08004400   0x08004400   0x00000358   Code   RO         1577    .text.update_reg    platform.o
    0x08004758   0x08004758   0x000000ca   Code   RO         1313    .text.usart_baudrate_set  gd32f30x_usart.o
    0x08004822   0x08004822   0x00000002   PAD
    0x08004824   0x08004824   0x00000010   Code   RO         1341    .text.usart_data_receive  gd32f30x_usart.o
    0x08004834   0x08004834   0x00000018   Code   RO         1339    .text.usart_data_transmit  gd32f30x_usart.o
    0x0800484c   0x0800484c   0x000000b8   Code   RO         1311    .text.usart_deinit  gd32f30x_usart.o
    0x08004904   0x08004904   0x00000012   Code   RO         1321    .text.usart_enable  gd32f30x_usart.o
    0x08004916   0x08004916   0x00000002   PAD
    0x08004918   0x08004918   0x0000003a   Code   RO         1399    .text.usart_flag_get  gd32f30x_usart.o
    0x08004952   0x08004952   0x00000002   PAD
    0x08004954   0x08004954   0x0000009c   Code   RO         1465    .text.usart_init    uart.o
    0x080049f0   0x080049f0   0x00000024   Code   RO         1403    .text.usart_interrupt_enable  gd32f30x_usart.o
    0x08004a14   0x08004a14   0x0000005e   Code   RO         1407    .text.usart_interrupt_flag_get  gd32f30x_usart.o
    0x08004a72   0x08004a72   0x00000002   PAD
    0x08004a74   0x08004a74   0x0000001e   Code   RO         1315    .text.usart_parity_config  gd32f30x_usart.o
    0x08004a92   0x08004a92   0x00000002   PAD
    0x08004a94   0x08004a94   0x00000022   Code   RO         1327    .text.usart_receive_config  gd32f30x_usart.o
    0x08004ab6   0x08004ab6   0x00000002   PAD
    0x08004ab8   0x08004ab8   0x00000032   Code   RO         1473    .text.usart_send_data  uart.o
    0x08004aea   0x08004aea   0x00000002   PAD
    0x08004aec   0x08004aec   0x0000001e   Code   RO         1319    .text.usart_stop_bit_set  gd32f30x_usart.o
    0x08004b0a   0x08004b0a   0x00000002   PAD
    0x08004b0c   0x08004b0c   0x00000022   Code   RO         1325    .text.usart_transmit_config  gd32f30x_usart.o
    0x08004b2e   0x08004b2e   0x00000002   PAD
    0x08004b30   0x08004b30   0x0000001e   Code   RO         1317    .text.usart_word_length_set  gd32f30x_usart.o
    0x08004b4e   0x08004b4e   0x00000002   PAD
    0x08004b50   0x08004b50   0x00000020   Code   RO         1638    i.__0printf         mc_w.l(printfa.o)
    0x08004b70   0x08004b70   0x00000030   Code   RO         1697    i.__ARM_fpclassify  m_wm.l(fpclassify.o)
    0x08004ba0   0x08004ba0   0x00000c60   Code   RO         1627    i.__hardfp_pow      m_wm.l(pow.o)
    0x08005800   0x08005800   0x000000f8   Code   RO         1699    i.__kernel_poly     m_wm.l(poly.o)
    0x080058f8   0x080058f8   0x00000030   Code   RO         1677    i.__mathlib_dbl_divzero  m_wm.l(dunder.o)
    0x08005928   0x08005928   0x00000014   Code   RO         1679    i.__mathlib_dbl_infnan2  m_wm.l(dunder.o)
    0x0800593c   0x0800593c   0x00000004   PAD
    0x08005940   0x08005940   0x00000020   Code   RO         1680    i.__mathlib_dbl_invalid  m_wm.l(dunder.o)
    0x08005960   0x08005960   0x00000020   Code   RO         1681    i.__mathlib_dbl_overflow  m_wm.l(dunder.o)
    0x08005980   0x08005980   0x00000020   Code   RO         1683    i.__mathlib_dbl_underflow  m_wm.l(dunder.o)
    0x080059a0   0x080059a0   0x0000000e   Code   RO         1770    i.__scatterload_copy  mc_w.l(handlers.o)
    0x080059ae   0x080059ae   0x00000002   Code   RO         1771    i.__scatterload_null  mc_w.l(handlers.o)
    0x080059b0   0x080059b0   0x0000000e   Code   RO         1772    i.__scatterload_zeroinit  mc_w.l(handlers.o)
    0x080059be   0x080059be   0x00000002   PAD
    0x080059c0   0x080059c0   0x0000000c   Code   RO         1744    i.__set_errno       mc_w.l(errno.o)
    0x080059cc   0x080059cc   0x00000184   Code   RO         1645    i._fp_digits        mc_w.l(printfa.o)
    0x08005b50   0x08005b50   0x000006dc   Code   RO         1646    i._printf_core      mc_w.l(printfa.o)
    0x0800622c   0x0800622c   0x00000024   Code   RO         1647    i._printf_post_padding  mc_w.l(printfa.o)
    0x08006250   0x08006250   0x0000002e   Code   RO         1648    i._printf_pre_padding  mc_w.l(printfa.o)
    0x0800627e   0x0800627e   0x00000018   Code   RO         1693    i.fabs              m_wm.l(fabs.o)
    0x08006296   0x08006296   0x0000006e   Code   RO         1704    i.sqrt              m_wm.l(sqrt.o)
    0x08006304   0x08006304   0x00000004   PAD
    0x08006308   0x08006308   0x00000088   Data   RO         1630    .constdata          m_wm.l(pow.o)
    0x08006390   0x08006390   0x00000008   Data   RO         1701    .constdata          m_wm.l(qnan.o)
    0x08006398   0x08006398   0x0000000c   Data   RO           63    .rodata.str1.1      main.o
    0x080063a4   0x080063a4   0x00000020   Data   RO         1769    Region$$Table       anon$$obj.o


    Execution Region RW_IRAM1 (Exec base: 0x20000000, Load base: 0x080063c8, Size: 0x000007f0, Max: 0x00008000, ABSOLUTE)

    Exec Addr    Load Addr    Size         Type   Attr      Idx    E Section Name        Object

    0x20000000   0x080063c8   0x00000004   Data   RW         1722    .data               mc_w.l(stdout.o)
    0x20000004   0x080063cc   0x00000004   Data   RW         1745    .data               mc_w.l(errno.o)
    0x20000008   0x080063d0   0x00000004   Data   RW         1447    .data.SystemCoreClock  system_gd32f30x.o
    0x2000000c   0x080063d4   0x00000001   Data   RW         1562    .data.TIMER2_IRQHandler.A1  timer.o
    0x2000000d   0x080063d5   0x00000001   Data   RW         1564    .data.TIMER2_IRQHandler.A1_r  timer.o
    0x2000000e   0x080063d6   0x00000001   Data   RW         1566    .data.TIMER2_IRQHandler.A2  timer.o
    0x2000000f   0x080063d7   0x00000001   Data   RW         1568    .data.TIMER2_IRQHandler.A2_r  timer.o
    0x20000010   0x080063d8   0x00000001   Data   RW         1563    .data.TIMER2_IRQHandler.B1  timer.o
    0x20000011   0x080063d9   0x00000001   Data   RW         1565    .data.TIMER2_IRQHandler.B1_r  timer.o
    0x20000012   0x080063da   0x00000001   Data   RW         1567    .data.TIMER2_IRQHandler.B2  timer.o
    0x20000013   0x080063db   0x00000001   Data   RW         1569    .data.TIMER2_IRQHandler.B2_r  timer.o
    0x20000014   0x080063dc   0x00000001   Data   RW         1606    .data.adjust        platform.o
    0x20000015   0x080063dd   0x00000001   PAD
    0x20000016   0x080063de   0x0000003c   Data   RW         1610    .data.ch1_cali      platform.o
    0x20000052   0x0800641a   0x00000002   Data   RW         1588    .data.ch1_gear      platform.o
    0x20000054   0x0800641c   0x00000002   Data   RW         1590    .data.ch1_offset    platform.o
    0x20000056   0x0800641e   0x00000001   Data   RW         1586    .data.ch1_on        platform.o
    0x20000057   0x0800641f   0x00000001   PAD
    0x20000058   0x08006420   0x0000003c   Data   RW         1611    .data.ch2_cali      platform.o
    0x20000094   0x0800645c   0x00000002   Data   RW         1589    .data.ch2_gear      platform.o
    0x20000096   0x0800645e   0x00000002   Data   RW         1591    .data.ch2_offset    platform.o
    0x20000098   0x08006460   0x00000001   Data   RW         1587    .data.ch2_on        platform.o
    0x20000099   0x08006461   0x00000003   PAD
    0x2000009c   0x08006464   0x00000004   Data   RW         1603    .data.dac_freq      platform.o
    0x200000a0   0x08006468   0x00000001   Data   RW         1599    .data.stop          platform.o
    0x200000a1   0x08006469   0x00000001   PAD
    0x200000a2   0x0800646a   0x00000002   Data   RW         1592    .data.time_gear     platform.o
    0x200000a4   0x0800646c   0x00000002   Data   RW         1594    .data.time_step     platform.o
    0x200000a6   0x0800646e   0x00000001   Data   RW         1595    .data.trig_level    platform.o
    0x200000a7   0x0800646f   0x00000001   PAD
    0x200000a8        -       0x00000001   Zero   RW           64    .bss.DAC_FREQ_task.check  main.o
    0x200000a9        -       0x00000001   Zero   RW         1608    .bss.EC11_flag1     platform.o
    0x200000aa        -       0x00000001   Zero   RW         1609    .bss.EC11_flag2     platform.o
    0x200000ab        -       0x00000001   Zero   RW         1584    .bss.acdc           platform.o
    0x200000ac        -       0x00000001   Zero   RW         1585    .bss.ch             platform.o
    0x200000ad        -       0x00000001   Zero   RW         1613    .bss.ch1_att        platform.o
    0x200000ae        -       0x00000006   Zero   RW         1619    .bss.ch1_gear_now   platform.o
    0x200000b4        -       0x00000001   Zero   RW         1612    .bss.ch2_att        platform.o
    0x200000b5   0x0800646f   0x00000001   PAD
    0x200000b6        -       0x00000006   Zero   RW         1620    .bss.ch2_gear_now   platform.o
    0x200000bc        -       0x00000004   Zero   RW           84    .bss.count_1ms      systick.o
    0x200000c0        -       0x00000004   Zero   RW           83    .bss.count_1us      systick.o
    0x200000c4        -       0x00000001   Zero   RW         1600    .bss.cursor_mode    platform.o
    0x200000c5        -       0x00000001   Zero   RW         1602    .bss.dac_att        platform.o
    0x200000c6        -       0x00000001   Zero   RW         1601    .bss.dac_wave       platform.o
    0x200000c7   0x0800646f   0x00000001   PAD
    0x200000c8        -       0x000000c8   Zero   RW         1607    .bss.key            platform.o
    0x20000190        -       0x00000002   Zero   RW         1605    .bss.number_ch      platform.o
    0x20000192        -       0x00000001   Zero   RW         1583    .bss.object         platform.o
    0x20000193   0x0800646f   0x00000001   PAD
    0x20000194        -       0x00000004   Zero   RW         1604    .bss.poff           platform.o
    0x20000198        -       0x00000040   Zero   RW         1614    .bss.reg            platform.o
    0x200001d8        -       0x00000002   Zero   RW         1593    .bss.time_offset    platform.o
    0x200001da        -       0x00000001   Zero   RW         1596    .bss.trig_ch        platform.o
    0x200001db        -       0x00000001   Zero   RW         1598    .bss.trig_edge      platform.o
    0x200001dc        -       0x00000001   Zero   RW         1597    .bss.trig_mode      platform.o
    0x200001dd        -       0x00000100   Zero   RW         1490    .bss.usart0_recv_buff  uart.o
    0x200002dd        -       0x00000001   Zero   RW         1489    .bss.usart0_recv_complete_flag  uart.o
    0x200002de        -       0x00000002   Zero   RW         1488    .bss.usart0_recv_length  uart.o
    0x200002e0        -       0x00000100   Zero   RW         1487    .bss.usart1_recv_buff  uart.o
    0x200003e0        -       0x00000001   Zero   RW         1486    .bss.usart1_recv_complete_flag  uart.o
    0x200003e1   0x0800646f   0x00000001   PAD
    0x200003e2        -       0x00000002   Zero   RW         1485    .bss.usart1_recv_length  uart.o
    0x200003e4        -       0x00000002   Zero   RW         1617    .bss.x1             platform.o
    0x200003e6        -       0x00000002   Zero   RW         1618    .bss.x2             platform.o
    0x200003e8        -       0x00000002   Zero   RW         1615    .bss.y1             platform.o
    0x200003ea        -       0x00000002   Zero   RW         1616    .bss.y2             platform.o
    0x200003ec   0x0800646f   0x00000004   PAD
    0x200003f0        -       0x00000400   Zero   RW         1455    STACK               startup_gd32f30x_xd.o


==============================================================================

Image component sizes


      Code (inc. data)   RO Data    RW Data    ZI Data      Debug   Object Name

       712          0          0          0          0       5422   gd32f30x_gpio.o
        26          0          0          0          0        978   gd32f30x_it.o
       376          0          0          0          0       3124   gd32f30x_misc.o
       614          4          0          0          0      10816   gd32f30x_rcu.o
       208          0          0          0          0       8081   gd32f30x_spi.o
       412          0          0          0          0      16540   gd32f30x_timer.o
       790          0          0          0          0      10326   gd32f30x_usart.o
       676          0          0          0          0       5385   iic.o
      8226         80         12          0          1       6052   main.o
      1648         50          0        141        305       4035   platform.o
       552          0          0          0          0       2521   spi.o
        36          8        304          0       1024        912   startup_gd32f30x_xd.o
       604          0          0          4          0       2616   system_gd32f30x.o
       384          8          0          0          8       1622   systick.o
      1296          0          0          8          0       4209   timer.o
       512          0          0          0        518       5751   uart.o

    ----------------------------------------------------------------------
     17172        150        348        160       1864      88390   Object Totals
         0          0         32          0          0          0   (incl. Generated)
       100          0          0          7          8          0   (incl. Padding)

    ----------------------------------------------------------------------

      Code (inc. data)   RO Data    RW Data    ZI Data      Debug   Library Member Name

       164         44          0          0          0        620   dunder.o
        24          0          0          0          0        124   fabs.o
        48          0          0          0          0        124   fpclassify.o
       248          0          0          0          0        152   poly.o
      3168        296        136          0          0        352   pow.o
         0          0          8          0          0          0   qnan.o
       110          0          0          0          0        148   sqrt.o
         0          0          0          0          0          0   entry.o
         0          0          0          0          0          0   entry10a.o
         0          0          0          0          0          0   entry11a.o
         8          4          0          0          0          0   entry2.o
         4          0          0          0          0          0   entry5.o
         0          0          0          0          0          0   entry7b.o
         0          0          0          0          0          0   entry8b.o
         8          4          0          0          0          0   entry9a.o
        12          6          0          4          0         68   errno.o
        30          0          0          0          0          0   handlers.o
        48         10          0          0          0         68   init.o
         0          0          0          0          0          0   iusefp.o
        30          0          0          0          0         68   llshl.o
        36          0          0          0          0         68   llsshr.o
        32          0          0          0          0         68   llushr.o
      2258         90          0          0          0        452   printfa.o
         0          0          0          4          0          0   stdout.o
        44          0          0          0          0         80   uidiv.o
        98          0          0          0          0         92   uldiv.o
        48          0          0          0          0         68   cdrcmple.o
       334          0          0          0          0        148   dadd.o
        54          0          0          0          0         80   dcmpgt.o
        54          0          0          0          0         80   dcmplt.o
       222          0          0          0          0        100   ddiv.o
       186          0          0          0          0        176   depilogue.o
        50          0          0          0          0         76   dfixui.o
        48          0          0          0          0         68   dfixul.o
        34          0          0          0          0         76   dflti.o
        26          0          0          0          0         76   dfltui.o
       228          0          0          0          0         96   dmul.o
        46          0          0          0          0         80   dscalb.o
       162          0          0          0          0        100   dsqrt.o

    ----------------------------------------------------------------------
      7876        454        144          8          0       3708   Library Totals
        14          0          0          0          0          0   (incl. Padding)

    ----------------------------------------------------------------------

      Code (inc. data)   RO Data    RW Data    ZI Data      Debug   Library Name

      3762        340        144          0          0       1520   m_wm.l
      2608        114          0          8          0        964   mc_w.l
      1492          0          0          0          0       1224   mf_w.l

    ----------------------------------------------------------------------
      7876        454        144          8          0       3708   Library Totals

    ----------------------------------------------------------------------

==============================================================================


      Code (inc. data)   RO Data    RW Data    ZI Data      Debug   

     25048        604        492        168       1864      89978   Grand Totals
     25048        604        492        168       1864      89978   ELF Image Totals
     25048        604        492        168          0          0   ROM Totals

==============================================================================

    Total RO  Size (Code + RO Data)                25540 (  24.94kB)
    Total RW  Size (RW Data + ZI Data)              2032 (   1.98kB)
    Total ROM Size (Code + RO Data + RW Data)      25708 (  25.11kB)

==============================================================================

